Archive member included to satisfy reference by file (symbol)

C:/Users/joseh/.pico-sdk/toolchain/13_2_Rel1/bin/../lib/gcc/arm-none-eabi/13.2.1/thumb/v6-m/nofp\libgcc.a(_dvmd_tls.o)
                              CMakeFiles/jogodavelha.dir/C_/Users/joseh/.pico-sdk/sdk/1.5.1/src/rp2_common/pico_divider/divider.S.obj (__aeabi_idiv0)
C:/Users/joseh/.pico-sdk/toolchain/13_2_Rel1/bin/../lib/gcc/arm-none-eabi/13.2.1/thumb/v6-m/nofp\libc.a(libc_a-calloc.o)
                              CMakeFiles/jogodavelha.dir/C_/Users/joseh/.pico-sdk/sdk/1.5.1/src/rp2_common/pico_malloc/pico_malloc.c.obj (calloc)
C:/Users/joseh/.pico-sdk/toolchain/13_2_Rel1/bin/../lib/gcc/arm-none-eabi/13.2.1/thumb/v6-m/nofp\libc.a(libc_a-callocr.o)
                              C:/Users/joseh/.pico-sdk/toolchain/13_2_Rel1/bin/../lib/gcc/arm-none-eabi/13.2.1/thumb/v6-m/nofp\libc.a(libc_a-calloc.o) (_calloc_r)
C:/Users/joseh/.pico-sdk/toolchain/13_2_Rel1/bin/../lib/gcc/arm-none-eabi/13.2.1/thumb/v6-m/nofp\libc.a(libc_a-malloc.o)
                              CMakeFiles/jogodavelha.dir/C_/Users/joseh/.pico-sdk/sdk/1.5.1/src/rp2_common/pico_malloc/pico_malloc.c.obj (malloc)
C:/Users/joseh/.pico-sdk/toolchain/13_2_Rel1/bin/../lib/gcc/arm-none-eabi/13.2.1/thumb/v6-m/nofp\libc.a(libc_a-mallocr.o)
                              C:/Users/joseh/.pico-sdk/toolchain/13_2_Rel1/bin/../lib/gcc/arm-none-eabi/13.2.1/thumb/v6-m/nofp\libc.a(libc_a-callocr.o) (_malloc_r)
C:/Users/joseh/.pico-sdk/toolchain/13_2_Rel1/bin/../lib/gcc/arm-none-eabi/13.2.1/thumb/v6-m/nofp\libc.a(libc_a-mlock.o)
                              C:/Users/joseh/.pico-sdk/toolchain/13_2_Rel1/bin/../lib/gcc/arm-none-eabi/13.2.1/thumb/v6-m/nofp\libc.a(libc_a-mallocr.o) (__malloc_lock)
C:/Users/joseh/.pico-sdk/toolchain/13_2_Rel1/bin/../lib/gcc/arm-none-eabi/13.2.1/thumb/v6-m/nofp\libc.a(libc_a-realloc.o)
                              CMakeFiles/jogodavelha.dir/C_/Users/joseh/.pico-sdk/sdk/1.5.1/src/rp2_common/pico_malloc/pico_malloc.c.obj (realloc)
C:/Users/joseh/.pico-sdk/toolchain/13_2_Rel1/bin/../lib/gcc/arm-none-eabi/13.2.1/thumb/v6-m/nofp\libc.a(libc_a-reallocr.o)
                              C:/Users/joseh/.pico-sdk/toolchain/13_2_Rel1/bin/../lib/gcc/arm-none-eabi/13.2.1/thumb/v6-m/nofp\libc.a(libc_a-realloc.o) (_realloc_r)
C:/Users/joseh/.pico-sdk/toolchain/13_2_Rel1/bin/../lib/gcc/arm-none-eabi/13.2.1/thumb/v6-m/nofp\libc.a(libc_a-ctype_.o)
                              CMakeFiles/jogodavelha.dir/inc/ssd1306_i2c.c.obj (_ctype_)
C:/Users/joseh/.pico-sdk/toolchain/13_2_Rel1/bin/../lib/gcc/arm-none-eabi/13.2.1/thumb/v6-m/nofp\libc.a(libc_a-memmove.o)
                              C:/Users/joseh/.pico-sdk/toolchain/13_2_Rel1/bin/../lib/gcc/arm-none-eabi/13.2.1/thumb/v6-m/nofp\libc.a(libc_a-reallocr.o) (memmove)
C:/Users/joseh/.pico-sdk/toolchain/13_2_Rel1/bin/../lib/gcc/arm-none-eabi/13.2.1/thumb/v6-m/nofp\libc.a(libc_a-impure.o)
                              C:/Users/joseh/.pico-sdk/toolchain/13_2_Rel1/bin/../lib/gcc/arm-none-eabi/13.2.1/thumb/v6-m/nofp\libc.a(libc_a-calloc.o) (_impure_ptr)
C:/Users/joseh/.pico-sdk/toolchain/13_2_Rel1/bin/../lib/gcc/arm-none-eabi/13.2.1/thumb/v6-m/nofp\libc.a(libc_a-sbrkr.o)
                              C:/Users/joseh/.pico-sdk/toolchain/13_2_Rel1/bin/../lib/gcc/arm-none-eabi/13.2.1/thumb/v6-m/nofp\libc.a(libc_a-mallocr.o) (_sbrk_r)
C:/Users/joseh/.pico-sdk/toolchain/13_2_Rel1/bin/../lib/gcc/arm-none-eabi/13.2.1/thumb/v6-m/nofp\libc.a(libc_a-errno.o)
                              C:/Users/joseh/.pico-sdk/toolchain/13_2_Rel1/bin/../lib/gcc/arm-none-eabi/13.2.1/thumb/v6-m/nofp\libc.a(libc_a-callocr.o) (__errno)
C:/Users/joseh/.pico-sdk/toolchain/13_2_Rel1/bin/../lib/gcc/arm-none-eabi/13.2.1/thumb/v6-m/nofp\libc.a(libc_a-init.o)
                              C:/Users/joseh/.pico-sdk/toolchain/13_2_Rel1/bin/../lib/gcc/arm-none-eabi/13.2.1/thumb/v6-m/nofp/crt0.o (__libc_init_array)
C:/Users/joseh/.pico-sdk/toolchain/13_2_Rel1/bin/../lib/gcc/arm-none-eabi/13.2.1/thumb/v6-m/nofp\libc.a(libc_a-lock.o)
                              C:/Users/joseh/.pico-sdk/toolchain/13_2_Rel1/bin/../lib/gcc/arm-none-eabi/13.2.1/thumb/v6-m/nofp\libc.a(libc_a-mlock.o) (__retarget_lock_acquire_recursive)
C:/Users/joseh/.pico-sdk/toolchain/13_2_Rel1/bin/../lib/gcc/arm-none-eabi/13.2.1/thumb/v6-m/nofp\libc.a(libc_a-sysconf.o)
                              C:/Users/joseh/.pico-sdk/toolchain/13_2_Rel1/bin/../lib/gcc/arm-none-eabi/13.2.1/thumb/v6-m/nofp\libc.a(libc_a-mallocr.o) (sysconf)
C:/Users/joseh/.pico-sdk/toolchain/13_2_Rel1/bin/../lib/gcc/arm-none-eabi/13.2.1/thumb/v6-m/nofp\libc.a(libc_a-strlen-stub.o)
                              CMakeFiles/jogodavelha.dir/C_/Users/joseh/.pico-sdk/sdk/1.5.1/src/rp2_common/pico_stdio/stdio.c.obj (strlen)
C:/Users/joseh/.pico-sdk/toolchain/13_2_Rel1/bin/../lib/gcc/arm-none-eabi/13.2.1/thumb/v6-m/nofp\libc.a(libc_a-freer.o)
[...]
Memory Configuration

Name             Origin             Length             Attributes
FLASH            0x10000000         0x00200000         xr
RAM              0x20000000         0x00040000         xrw
SCRATCH_X        0x20040000         0x00001000         xrw
SCRATCH_Y        0x20041000         0x00001000         xrw
*default*        0x00000000         0xffffffff

Linker script and memory map

LOAD C:/Users/joseh/.pico-sdk/toolchain/13_2_Rel1/bin/../lib/gcc/arm-none-eabi/13.2.1/thumb/v6-m/nofp/crti.o
LOAD C:/Users/joseh/.pico-sdk/toolchain/13_2_Rel1/bin/../lib/gcc/arm-none-eabi/13.2.1/thumb/v6-m/nofp/crtbegin.o
LOAD C:/Users/joseh/.pico-sdk/toolchain/13_2_Rel1/bin/../lib/gcc/arm-none-eabi/13.2.1/thumb/v6-m/nofp/crt0.o

.flash_begin    0x10000000        0x0
                0x10000000                        __flash_binary_start = .

.boot2          0x10000000      0x100
                0x10000000                        __boot2_start__ = .
 *(.boot2)
 .boot2         0x10000000      0x100 C:\Users\joseh\AppData\Local\Temp\ccf26IrV.o
                0x10000100                        __boot2_end__ = .
                0x00000001                        ASSERT (((__boot2_end__ - __boot2_start__) == 0x100), ERROR: Pico second stage bootloader must be 256 bytes in size)

.text           0x10000100     0x6828
                0x10000100                        __logical_binary_start = .
 *(.vectors)
 .vectors       0x10000100       0xd4 CMakeFiles/jogodavelha.dir/C_/Users/joseh/.pico-sdk/sdk/1.5.1/src/rp2_common/pico_standard_link/crt0.S.obj
                0x10000100                __VECTOR_TABLE
                0x10000100                __vectors
                0x100001c0                isr_invalid
                0x100001c0                __default_isrs_start
                0x100001c2                isr_nmi
                0x100001c4                isr_hardfault
                0x100001c6                isr_svcall
                0x100001c8                isr_pendsv
                0x100001ca                isr_systick
                0x100001cc                isr_irq23
                0x100001cc                isr_irq18
                0x100001cc                isr_irq11
                0x100001cc                isr_irq28
                0x100001cc                isr_irq19
                0x100001cc                isr_irq0
                0x100001cc                isr_irq6
                0x100001cc                isr_irq5
                0x100001cc                isr_irq12
                0x100001cc                isr_irq22
                0x100001cc                isr_irq31
                0x100001cc                isr_irq17
                0x100001cc                isr_irq27
                0x100001cc                isr_irq30
                0x100001cc                isr_irq2
                0x100001cc                isr_irq10
                0x100001cc                isr_irq8
                0x100001cc                isr_irq24
                0x100001cc                isr_irq1
                0x100001cc                isr_irq7
                0x100001cc                isr_irq21
                0x100001cc                isr_irq20
                0x100001cc                isr_irq15
                0x100001cc                isr_irq25
                0x100001cc                isr_irq13
                0x100001cc                __unhandled_user_irq
                0x100001cc                isr_irq4
                0x100001cc                isr_irq16
                0x100001cc                isr_irq29
                0x100001cc                isr_irq26
                0x100001cc                __default_isrs_end
                0x100001cc                isr_irq3
                0x100001cc                isr_irq14
                0x100001cc                isr_irq9
                0x100001d2                unhandled_user_irq_num_in_r0
 *(.binary_info_header)
 .binary_info_header
                0x100001d4       0x14 CMakeFiles/jogodavelha.dir/C_/Users/joseh/.pico-sdk/sdk/1.5.1/src/rp2_common/pico_standard_link/crt0.S.obj
                0x100001e8                        __binary_info_header_end = .
 *(.reset)
 .reset         0x100001e8       0xa0 CMakeFiles/jogodavelha.dir/C_/Users/joseh/.pico-sdk/sdk/1.5.1/src/rp2_common/pico_standard_link/crt0.S.obj
                0x100001e8                _entry_point
 .reset         0x10000288       0x30 CMakeFiles/jogodavelha.dir/C_/Users/joseh/.pico-sdk/sdk/1.5.1/src/rp2_common/pico_standard_link/binary_info.c.obj
 *(.init)
 .init          0x100002b8        0x4 C:/Users/joseh/.pico-sdk/toolchain/13_2_Rel1/bin/../lib/gcc/arm-none-eabi/13.2.1/thumb/v6-m/nofp/crti.o
                0x100002b8                _init
 *(EXCLUDE_FILE(*libm.a: *libc.a:*lib_a-mem*.o *libgcc.a:) .text*)
 .text.register_tm_clones
                0x100002bc       0x28 C:/Users/joseh/.pico-sdk/toolchain/13_2_Rel1/bin/../lib/gcc/arm-none-eabi/13.2.1/thumb/v6-m/nofp/crtbegin.o
 .text.frame_dummy
                0x100002e4       0x24 C:/Users/joseh/.pico-sdk/toolchain/13_2_Rel1/bin/../lib/gcc/arm-none-eabi/13.2.1/thumb/v6-m/nofp/crtbegin.o
 .text.adc_gpio_init
                0x10000308       0x20 CMakeFiles/jogodavelha.dir/jogodavelha.c.obj
 .text.imprimir_texto.constprop.0
                0x10000328       0x50 CMakeFiles/jogodavelha.dir/jogodavelha.c.obj
 .text.tocar_musicaInicial.constprop.0
                0x10000378       0xac CMakeFiles/jogodavelha.dir/jogodavelha.c.obj
 .text.ws2818b_program_init
                0x10000424       0xd0 CMakeFiles/jogodavelha.dir/jogodavelha.c.obj
                0x10000424                ws2818b_program_init
 .text.pwm_init_buzzer
                0x100004f4       0x60 CMakeFiles/jogodavelha.dir/jogodavelha.c.obj
                0x100004f4                pwm_init_buzzer
 .text.npInit   0x10000554       0x80 CMakeFiles/jogodavelha.dir/jogodavelha.c.obj
                0x10000554                npInit
 .text.npWrite  0x100005d4       0x58 CMakeFiles/jogodavelha.dir/jogodavelha.c.obj
                0x100005d4                npWrite
 .text.acenderLedsCerquilha
                0x1000062c      0x158 CMakeFiles/jogodavelha.dir/jogodavelha.c.obj
                0x1000062c                acenderLedsCerquilha
 .text.desenhaTabuleiro
                0x10000784      0x180 CMakeFiles/jogodavelha.dir/jogodavelha.c.obj
                0x10000784                desenhaTabuleiro
 .text.checarVencedor
                0x10000904      0x124 CMakeFiles/jogodavelha.dir/jogodavelha.c.obj
                0x10000904                checarVencedor
 .text.acenderleds_setaDisplay
                0x10000a28      0x120 CMakeFiles/jogodavelha.dir/jogodavelha.c.obj
                0x10000a28                acenderleds_setaDisplay
 .text.acenderleds_setaJoystick
                0x10000b48      0x120 CMakeFiles/jogodavelha.dir/jogodavelha.c.obj
                0x10000b48                acenderleds_setaJoystick
 .text.acenderleds_setaBotaoB
                0x10000c68      0x114 CMakeFiles/jogodavelha.dir/jogodavelha.c.obj
                0x10000c68                acenderleds_setaBotaoB
 .text.reiniciarJogo
                0x10000d7c       0xa4 CMakeFiles/jogodavelha.dir/jogodavelha.c.obj
                0x10000d7c                reiniciarJogo
 .text.startup.main
                0x10000e20      0x71c CMakeFiles/jogodavelha.dir/jogodavelha.c.obj
                0x10000e20                main
 .text.calculate_render_area_buffer_length
                0x1000153c       0x18 CMakeFiles/jogodavelha.dir/inc/ssd1306_i2c.c.obj
                0x1000153c                calculate_render_area_buffer_length
 .text.ssd1306_init
                0x10001554       0x58 CMakeFiles/jogodavelha.dir/inc/ssd1306_i2c.c.obj
                0x10001554                ssd1306_init
 .text.render_on_display
                0x100015ac       0x98 CMakeFiles/jogodavelha.dir/inc/ssd1306_i2c.c.obj
                0x100015ac                render_on_display
 .text.ssd1306_draw_string
                0x10001644       0xd8 CMakeFiles/jogodavelha.dir/inc/ssd1306_i2c.c.obj
                0x10001644                ssd1306_draw_string
 .text.adc_init
                0x1000171c       0x38 CMakeFiles/jogodavelha.dir/C_/Users/joseh/.pico-sdk/sdk/1.5.1/src/rp2_common/hardware_adc/adc.c.obj
                0x1000171c                adc_init
 .text.running_on_fpga
                0x10001754       0x10 CMakeFiles/jogodavelha.dir/C_/Users/joseh/.pico-sdk/sdk/1.5.1/src/rp2_common/pico_platform/platform.c.obj
                0x10001754                running_on_fpga
 .text.hw_claim_lock
                0x10001764       0x18 CMakeFiles/jogodavelha.dir/C_/Users/joseh/.pico-sdk/sdk/1.5.1/src/rp2_common/hardware_claim/claim.c.obj
                0x10001764                hw_claim_lock
 .text.hw_claim_unlock
                0x1000177c       0x14 CMakeFiles/jogodavelha.dir/C_/Users/joseh/.pico-sdk/sdk/1.5.1/src/rp2_common/hardware_claim/claim.c.obj
                0x1000177c                hw_claim_unlock
 .text.hw_claim_or_assert
                0x10001790       0x44 CMakeFiles/jogodavelha.dir/C_/Users/joseh/.pico-sdk/sdk/1.5.1/src/rp2_common/hardware_claim/claim.c.obj
                0x10001790                hw_claim_or_assert
 .text.hw_claim_unused_from_range
                0x100017d4       0x9c CMakeFiles/jogodavelha.dir/C_/Users/joseh/.pico-sdk/sdk/1.5.1/src/rp2_common/hardware_claim/claim.c.obj
                0x100017d4                hw_claim_unused_from_range
 .text.spin_locks_reset
                0x10001870       0x1c CMakeFiles/jogodavelha.dir/C_/Users/joseh/.pico-sdk/sdk/1.5.1/src/rp2_common/hardware_sync/sync.c.obj
                0x10001870                spin_locks_reset
 .text.next_striped_spin_lock_num
                0x1000188c       0x18 CMakeFiles/jogodavelha.dir/C_/Users/joseh/.pico-sdk/sdk/1.5.1/src/rp2_common/hardware_sync/sync.c.obj
                0x1000188c                next_striped_spin_lock_num
 .text.spin_lock_claim_unused
                0x100018a4       0x24 CMakeFiles/jogodavelha.dir/C_/Users/joseh/.pico-sdk/sdk/1.5.1/src/rp2_common/hardware_sync/sync.c.obj
                0x100018a4                spin_lock_claim_unused
 .text.gpio_set_function
                0x100018c8       0x30 CMakeFiles/jogodavelha.dir/C_/Users/joseh/.pico-sdk/sdk/1.5.1/src/rp2_common/hardware_gpio/gpio.c.obj
                0x100018c8                gpio_set_function
 .text.gpio_set_pulls
                0x100018f8       0x24 CMakeFiles/jogodavelha.dir/C_/Users/joseh/.pico-sdk/sdk/1.5.1/src/rp2_common/hardware_gpio/gpio.c.obj
                0x100018f8                gpio_set_pulls
 .text.gpio_set_input_enabled
                0x1000191c       0x28 CMakeFiles/jogodavelha.dir/C_/Users/joseh/.pico-sdk/sdk/1.5.1/src/rp2_common/hardware_gpio/gpio.c.obj
                0x1000191c                gpio_set_input_enabled
 .text.gpio_init
                0x10001944       0x3c CMakeFiles/jogodavelha.dir/C_/Users/joseh/.pico-sdk/sdk/1.5.1/src/rp2_common/hardware_gpio/gpio.c.obj
                0x10001944                gpio_init
 .text.irq_set_enabled
                0x10001980       0x24 CMakeFiles/jogodavelha.dir/C_/Users/joseh/.pico-sdk/sdk/1.5.1/src/rp2_common/hardware_irq/irq.c.obj
                0x10001980                irq_set_enabled
 .text.irq_set_pending
                0x100019a4       0x10 CMakeFiles/jogodavelha.dir/C_/Users/joseh/.pico-sdk/sdk/1.5.1/src/rp2_common/hardware_irq/irq.c.obj
                0x100019a4                irq_set_pending
 .text.irq_has_shared_handler
                0x100019b4       0x2c CMakeFiles/jogodavelha.dir/C_/Users/joseh/.pico-sdk/sdk/1.5.1/src/rp2_common/hardware_irq/irq.c.obj
                0x100019b4                irq_has_shared_handler
 .text.irq_get_vtable_handler
                0x100019e0       0x10 CMakeFiles/jogodavelha.dir/C_/Users/joseh/.pico-sdk/sdk/1.5.1/src/rp2_common/hardware_irq/irq.c.obj
                0x100019e0                irq_get_vtable_handler
 .text.irq_set_exclusive_handler
                0x100019f0       0x54 CMakeFiles/jogodavelha.dir/C_/Users/joseh/.pico-sdk/sdk/1.5.1/src/rp2_common/hardware_irq/irq.c.obj
                0x100019f0                irq_set_exclusive_handler
 .text.irq_add_shared_handler
                0x10001a44      0x1f4 CMakeFiles/jogodavelha.dir/C_/Users/joseh/.pico-sdk/sdk/1.5.1/src/rp2_common/hardware_irq/irq.c.obj
                0x10001a44                irq_add_shared_handler
 .text.irq_remove_handler
                0x10001c38      0x1c4 CMakeFiles/jogodavelha.dir/C_/Users/joseh/.pico-sdk/sdk/1.5.1/src/rp2_common/hardware_irq/irq.c.obj
                0x10001c38                irq_remove_handler
 .text.irq_add_tail_to_free_list
                0x10001dfc       0xb4 CMakeFiles/jogodavelha.dir/C_/Users/joseh/.pico-sdk/sdk/1.5.1/src/rp2_common/hardware_irq/irq.c.obj
                0x10001dfc                irq_add_tail_to_free_list
 .text.irq_init_priorities
                0x10001eb0       0x24 CMakeFiles/jogodavelha.dir/C_/Users/joseh/.pico-sdk/sdk/1.5.1/src/rp2_common/hardware_irq/irq.c.obj
                0x10001eb0                irq_init_priorities
 .text.user_irq_claim_unused
                0x10001ed4       0x2c CMakeFiles/jogodavelha.dir/C_/Users/joseh/.pico-sdk/sdk/1.5.1/src/rp2_common/hardware_irq/irq.c.obj
                0x10001ed4                user_irq_claim_unused
 .text.lock_init
                0x10001f00       0x10 CMakeFiles/jogodavelha.dir/C_/Users/joseh/.pico-sdk/sdk/1.5.1/src/common/pico_sync/lock_core.c.obj
                0x10001f00                lock_init
 .text.mutex_init
                0x10001f10       0x1c CMakeFiles/jogodavelha.dir/C_/Users/joseh/.pico-sdk/sdk/1.5.1/src/common/pico_sync/mutex.c.obj
                0x10001f10                mutex_init
 .text.recursive_mutex_init
                0x10001f2c       0x1c CMakeFiles/jogodavelha.dir/C_/Users/joseh/.pico-sdk/sdk/1.5.1/src/common/pico_sync/mutex.c.obj
                0x10001f2c                recursive_mutex_init
 .text.critical_section_init
                0x10001f48       0x1c CMakeFiles/jogodavelha.dir/C_/Users/joseh/.pico-sdk/sdk/1.5.1/src/common/pico_sync/critical_section.c.obj
                0x10001f48                critical_section_init
 .text.critical_section_init_with_lock_num
                0x10001f64       0x14 CMakeFiles/jogodavelha.dir/C_/Users/joseh/.pico-sdk/sdk/1.5.1/src/common/pico_sync/critical_section.c.obj
                0x10001f64                critical_section_init_with_lock_num
 .text.timer_pool_entry_comparator
                0x10001f78       0x34 CMakeFiles/jogodavelha.dir/C_/Users/joseh/.pico-sdk/sdk/1.5.1/src/common/pico_time/time.c.obj
                0x10001f78                timer_pool_entry_comparator
 .text.sleep_until_callback
                0x10001fac       0x30 CMakeFiles/jogodavelha.dir/C_/Users/joseh/.pico-sdk/sdk/1.5.1/src/common/pico_time/time.c.obj
 .text.add_alarm_under_lock.isra.0
                0x10001fdc      0x100 CMakeFiles/jogodavelha.dir/C_/Users/joseh/.pico-sdk/sdk/1.5.1/src/common/pico_time/time.c.obj
 .text.alarm_pool_alarm_callback
                0x100020dc      0x1c0 CMakeFiles/jogodavelha.dir/C_/Users/joseh/.pico-sdk/sdk/1.5.1/src/common/pico_time/time.c.obj
 .text.alarm_pool_init_default
                0x1000229c       0x6c CMakeFiles/jogodavelha.dir/C_/Users/joseh/.pico-sdk/sdk/1.5.1/src/common/pico_time/time.c.obj
                0x1000229c                alarm_pool_init_default
 .text.alarm_pool_get_default
                0x10002308        0x8 CMakeFiles/jogodavelha.dir/C_/Users/joseh/.pico-sdk/sdk/1.5.1/src/common/pico_time/time.c.obj
                0x10002308                alarm_pool_get_default
 .text.alarm_pool_add_alarm_at
                0x10002310      0x17c CMakeFiles/jogodavelha.dir/C_/Users/joseh/.pico-sdk/sdk/1.5.1/src/common/pico_time/time.c.obj
                0x10002310                alarm_pool_add_alarm_at
 .text.alarm_pool_core_num
                0x1000248c        0x4 CMakeFiles/jogodavelha.dir/C_/Users/joseh/.pico-sdk/sdk/1.5.1/src/common/pico_time/time.c.obj
                0x1000248c                alarm_pool_core_num
 .text.sleep_until
                0x10002490       0xc4 CMakeFiles/jogodavelha.dir/C_/Users/joseh/.pico-sdk/sdk/1.5.1/src/common/pico_time/time.c.obj
                0x10002490                sleep_until
 .text.sleep_us
                0x10002554       0x28 CMakeFiles/jogodavelha.dir/C_/Users/joseh/.pico-sdk/sdk/1.5.1/src/common/pico_time/time.c.obj
                0x10002554                sleep_us
 .text.sleep_ms
                0x1000257c       0x38 CMakeFiles/jogodavelha.dir/C_/Users/joseh/.pico-sdk/sdk/1.5.1/src/common/pico_time/time.c.obj
                0x1000257c                sleep_ms
 .text.best_effort_wfe_or_timeout
                0x100025b4       0xcc CMakeFiles/jogodavelha.dir/C_/Users/joseh/.pico-sdk/sdk/1.5.1/src/common/pico_time/time.c.obj
                0x100025b4                best_effort_wfe_or_timeout
 .text.hardware_alarm_irq_handler
                0x10002680       0xbc CMakeFiles/jogodavelha.dir/C_/Users/joseh/.pico-sdk/sdk/1.5.1/src/rp2_common/hardware_timer/timer.c.obj
 .text.hardware_alarm_claim
                0x1000273c       0x18 CMakeFiles/jogodavelha.dir/C_/Users/joseh/.pico-sdk/sdk/1.5.1/src/rp2_common/hardware_timer/timer.c.obj
                0x1000273c                hardware_alarm_claim
 .text.time_us_64
                0x10002754       0x14 CMakeFiles/jogodavelha.dir/C_/Users/joseh/.pico-sdk/sdk/1.5.1/src/rp2_common/hardware_timer/timer.c.obj
                0x10002754                time_us_64
 .text.busy_wait_until
                0x10002768       0x20 CMakeFiles/jogodavelha.dir/C_/Users/joseh/.pico-sdk/sdk/1.5.1/src/rp2_common/hardware_timer/timer.c.obj
                0x10002768                busy_wait_until
 .text.hardware_alarm_set_callback
                0x10002788       0x8c CMakeFiles/jogodavelha.dir/C_/Users/joseh/.pico-sdk/sdk/1.5.1/src/rp2_common/hardware_timer/timer.c.obj
                0x10002788                hardware_alarm_set_callback
 .text.hardware_alarm_set_target
                0x10002814       0xd0 CMakeFiles/jogodavelha.dir/C_/Users/joseh/.pico-sdk/sdk/1.5.1/src/rp2_common/hardware_timer/timer.c.obj
                0x10002814                hardware_alarm_set_target
 .text.hardware_alarm_cancel
                0x100028e4       0x3c CMakeFiles/jogodavelha.dir/C_/Users/joseh/.pico-sdk/sdk/1.5.1/src/rp2_common/hardware_timer/timer.c.obj
                0x100028e4                hardware_alarm_cancel
 .text.ph_merge_nodes
                0x10002920       0x58 CMakeFiles/jogodavelha.dir/C_/Users/joseh/.pico-sdk/sdk/1.5.1/src/common/pico_util/pheap.c.obj
 .text.ph_post_alloc_init
                0x10002978       0x3c CMakeFiles/jogodavelha.dir/C_/Users/joseh/.pico-sdk/sdk/1.5.1/src/common/pico_util/pheap.c.obj
                0x10002978                ph_post_alloc_init
 .text.ph_merge_two_pass
                0x100029b4       0x8c CMakeFiles/jogodavelha.dir/C_/Users/joseh/.pico-sdk/sdk/1.5.1/src/common/pico_util/pheap.c.obj
                0x100029b4                ph_merge_two_pass
 .text.ph_remove_any_head
                0x10002a40      0x100 CMakeFiles/jogodavelha.dir/C_/Users/joseh/.pico-sdk/sdk/1.5.1/src/common/pico_util/pheap.c.obj
 .text.ph_remove_head
                0x10002b40      0x104 CMakeFiles/jogodavelha.dir/C_/Users/joseh/.pico-sdk/sdk/1.5.1/src/common/pico_util/pheap.c.obj
                0x10002b40                ph_remove_head
 .text.ph_remove_and_free_node
                0x10002c44       0x78 CMakeFiles/jogodavelha.dir/C_/Users/joseh/.pico-sdk/sdk/1.5.1/src/common/pico_util/pheap.c.obj
                0x10002c44                ph_remove_and_free_node
 .text.clocks_init
                0x10002cbc      0x2c8 CMakeFiles/jogodavelha.dir/C_/Users/joseh/.pico-sdk/sdk/1.5.1/src/rp2_common/hardware_clocks/clocks.c.obj
                0x10002cbc                clocks_init
 .text.clock_get_hz
                0x10002f84        0xc CMakeFiles/jogodavelha.dir/C_/Users/joseh/.pico-sdk/sdk/1.5.1/src/rp2_common/hardware_clocks/clocks.c.obj
                0x10002f84                clock_get_hz
 .text.pll_init
                0x10002f90       0xa4 CMakeFiles/jogodavelha.dir/C_/Users/joseh/.pico-sdk/sdk/1.5.1/src/rp2_common/hardware_pll/pll.c.obj
                0x10002f90                pll_init
 .text.watchdog_start_tick
                0x10003034       0x10 CMakeFiles/jogodavelha.dir/C_/Users/joseh/.pico-sdk/sdk/1.5.1/src/rp2_common/hardware_watchdog/watchdog.c.obj
                0x10003034                watchdog_start_tick
 .text.watchdog_reboot
                0x10003044       0x9c CMakeFiles/jogodavelha.dir/C_/Users/joseh/.pico-sdk/sdk/1.5.1/src/rp2_common/hardware_watchdog/watchdog.c.obj
                0x10003044                watchdog_reboot
 .text.xosc_init
                0x100030e0       0x28 CMakeFiles/jogodavelha.dir/C_/Users/joseh/.pico-sdk/sdk/1.5.1/src/rp2_common/hardware_xosc/xosc.c.obj
                0x100030e0                xosc_init
 .text.runtime_init
                0x10003108       0xf0 CMakeFiles/jogodavelha.dir/C_/Users/joseh/.pico-sdk/sdk/1.5.1/src/rp2_common/pico_runtime/runtime.c.obj
                0x10003108                runtime_init
 .text._exit    0x100031f8        0x4 CMakeFiles/jogodavelha.dir/C_/Users/joseh/.pico-sdk/sdk/1.5.1/src/rp2_common/pico_runtime/runtime.c.obj
                0x100031f8                _exit
 .text._sbrk    0x100031fc       0x34 CMakeFiles/jogodavelha.dir/C_/Users/joseh/.pico-sdk/sdk/1.5.1/src/rp2_common/pico_runtime/runtime.c.obj
                0x100031fc                _sbrk
 .text.exit     0x10003230        0x8 CMakeFiles/jogodavelha.dir/C_/Users/joseh/.pico-sdk/sdk/1.5.1/src/rp2_common/pico_runtime/runtime.c.obj
                0x10003230                exit
 .text.panic    0x10003238       0x30 CMakeFiles/jogodavelha.dir/C_/Users/joseh/.pico-sdk/sdk/1.5.1/src/rp2_common/pico_runtime/runtime.c.obj
                0x10003238                panic
 .text.hard_assertion_failure
                0x10003268        0xc CMakeFiles/jogodavelha.dir/C_/Users/joseh/.pico-sdk/sdk/1.5.1/src/rp2_common/pico_runtime/runtime.c.obj
                0x10003268                hard_assertion_failure
 .text._out_char
                0x10003274       0x10 CMakeFiles/jogodavelha.dir/C_/Users/joseh/.pico-sdk/sdk/1.5.1/src/rp2_common/pico_printf/printf.c.obj
 .text.weak_raw_vprintf
                0x10003284       0x30 CMakeFiles/jogodavelha.dir/C_/Users/joseh/.pico-sdk/sdk/1.5.1/src/rp2_common/pico_printf/printf.c.obj
                0x10003284                weak_raw_vprintf
 .text          0x100032b4       0x10 CMakeFiles/jogodavelha.dir/C_/Users/joseh/.pico-sdk/sdk/1.5.1/src/rp2_common/pico_bit_ops/bit_ops_aeabi.S.obj
 .text.rom_func_lookup
                0x100032c4       0x10 CMakeFiles/jogodavelha.dir/C_/Users/joseh/.pico-sdk/sdk/1.5.1/src/rp2_common/pico_bootrom/bootrom.c.obj
                0x100032c4                rom_func_lookup
 .text.rom_data_lookup
                0x100032d4       0x10 CMakeFiles/jogodavelha.dir/C_/Users/joseh/.pico-sdk/sdk/1.5.1/src/rp2_common/pico_bootrom/bootrom.c.obj
                0x100032d4                rom_data_lookup
 .text.rom_funcs_lookup
                0x100032e4       0x44 CMakeFiles/jogodavelha.dir/C_/Users/joseh/.pico-sdk/sdk/1.5.1/src/rp2_common/pico_bootrom/bootrom.c.obj
                0x100032e4                rom_funcs_lookup
 .text.__wrap___aeabi_uidiv
                0x10003328       0x4c CMakeFiles/jogodavelha.dir/C_/Users/joseh/.pico-sdk/sdk/1.5.1/src/rp2_common/pico_divider/divider.S.obj
                0x10003328                __wrap___aeabi_uidiv
                0x10003328                __wrap___aeabi_uidivmod
                0x10003328                div_u32u32
                0x10003328                divmod_u32u32
                0x10003330                divmod_u32u32_unsafe
                0x10003358                divmod_u32u32_savestate
 .text.__aeabi_double_init
                0x10003374       0x98 CMakeFiles/jogodavelha.dir/C_/Users/joseh/.pico-sdk/sdk/1.5.1/src/rp2_common/pico_double/double_init_rom.c.obj
                0x10003374                __aeabi_double_init
 .text.double_table_shim_on_use_helper
                0x1000340c       0x2c CMakeFiles/jogodavelha.dir/C_/Users/joseh/.pico-sdk/sdk/1.5.1/src/rp2_common/pico_double/double_v1_rom_shim.S.obj
                0x1000340c                double_table_shim_on_use_helper
 .text.__aeabi_lmul
                0x10003438       0x32 CMakeFiles/jogodavelha.dir/C_/Users/joseh/.pico-sdk/sdk/1.5.1/src/rp2_common/pico_int64_ops/pico_int64_ops_aeabi.S.obj
                0x10003438                __wrap___aeabi_lmul
 *fill*         0x1000346a        0x2 
 .text.__wrap___aeabi_farithmetic
                0x1000346c       0x48 CMakeFiles/jogodavelha.dir/C_/Users/joseh/.pico-sdk/sdk/1.5.1/src/rp2_common/pico_float/float_aeabi.S.obj
                0x1000346c                __wrap___aeabi_frsub
                0x10003472                __wrap___aeabi_fsub
                0x10003478                __wrap___aeabi_fadd
                0x1000347e                __wrap___aeabi_fdiv
                0x100034a6                __wrap___aeabi_fmul
 .text.__wrap___aeabi_ui2f
                0x100034b4        0xa CMakeFiles/jogodavelha.dir/C_/Users/joseh/.pico-sdk/sdk/1.5.1/src/rp2_common/pico_float/float_aeabi.S.obj
                0x100034b4                __wrap___aeabi_ui2f
 *fill*         0x100034be        0x2 
 .text.__wrap___aeabi_i2f
                0x100034c0       0x44 CMakeFiles/jogodavelha.dir/C_/Users/joseh/.pico-sdk/sdk/1.5.1/src/rp2_common/pico_float/float_aeabi.S.obj
                0x100034c0                __wrap___aeabi_i2f
 .text.__wrap___aeabi_f2uiz
                0x10003504        0xc CMakeFiles/jogodavelha.dir/C_/Users/joseh/.pico-sdk/sdk/1.5.1/src/rp2_common/pico_float/float_aeabi.S.obj
                0x10003504                __wrap___aeabi_f2uiz
 .text.__aeabi_float_init
                0x10003510       0x64 CMakeFiles/jogodavelha.dir/C_/Users/joseh/.pico-sdk/sdk/1.5.1/src/rp2_common/pico_float/float_init_rom.c.obj
                0x10003510                __aeabi_float_init
 .text.float_table_shim_on_use_helper
                0x10003574       0x2c CMakeFiles/jogodavelha.dir/C_/Users/joseh/.pico-sdk/sdk/1.5.1/src/rp2_common/pico_float/float_v1_rom_shim.S.obj
                0x10003574                float_table_shim_on_use_helper
 .text.__wrap_malloc
                0x100035a0       0x24 CMakeFiles/jogodavelha.dir/C_/Users/joseh/.pico-sdk/sdk/1.5.1/src/rp2_common/pico_malloc/pico_malloc.c.obj
                0x100035a0                __wrap_malloc
 .text.__wrap_free
                0x100035c4        0x8 CMakeFiles/jogodavelha.dir/C_/Users/joseh/.pico-sdk/sdk/1.5.1/src/rp2_common/pico_malloc/pico_malloc.c.obj
                0x100035c4                __wrap_free
 .text          0x100035cc       0x10 CMakeFiles/jogodavelha.dir/C_/Users/joseh/.pico-sdk/sdk/1.5.1/src/rp2_common/pico_mem_ops/mem_ops_aeabi.S.obj
                0x100035cc                __aeabi_mem_init
 .text.memset   0x100035dc        0xc CMakeFiles/jogodavelha.dir/C_/Users/joseh/.pico-sdk/sdk/1.5.1/src/rp2_common/pico_mem_ops/mem_ops_aeabi.S.obj
                0x100035dc                __wrap_memset
 .text.memcpy   0x100035e8        0xc CMakeFiles/jogodavelha.dir/C_/Users/joseh/.pico-sdk/sdk/1.5.1/src/rp2_common/pico_mem_ops/mem_ops_aeabi.S.obj
                0x100035e8                __wrap_memcpy
                0x100035e8                __wrap___aeabi_memcpy
 .text.stdio_out_chars_crlf
                0x100035f4       0x94 CMakeFiles/jogodavelha.dir/C_/Users/joseh/.pico-sdk/sdk/1.5.1/src/rp2_common/pico_stdio/stdio.c.obj
 .text.__wrap_putchar
                0x10003688       0x98 CMakeFiles/jogodavelha.dir/C_/Users/joseh/.pico-sdk/sdk/1.5.1/src/rp2_common/pico_stdio/stdio.c.obj
                0x10003688                __wrap_putchar
 .text.__wrap_puts
                0x10003720       0xe0 CMakeFiles/jogodavelha.dir/C_/Users/joseh/.pico-sdk/sdk/1.5.1/src/rp2_common/pico_stdio/stdio.c.obj
                0x10003720                __wrap_puts
 .text.stdio_set_driver_enabled
                0x10003800       0x30 CMakeFiles/jogodavelha.dir/C_/Users/joseh/.pico-sdk/sdk/1.5.1/src/rp2_common/pico_stdio/stdio.c.obj
                0x10003800                stdio_set_driver_enabled
 .text.stdio_init_all
                0x10003830        0x8 CMakeFiles/jogodavelha.dir/C_/Users/joseh/.pico-sdk/sdk/1.5.1/src/rp2_common/pico_stdio/stdio.c.obj
                0x10003830                stdio_init_all
 .text.resetd_init
                0x10003838        0x4 CMakeFiles/jogodavelha.dir/C_/Users/joseh/.pico-sdk/sdk/1.5.1/src/rp2_common/pico_stdio_usb/reset_interface.c.obj
 .text.resetd_reset
                0x1000383c        0xc CMakeFiles/jogodavelha.dir/C_/Users/joseh/.pico-sdk/sdk/1.5.1/src/rp2_common/pico_stdio_usb/reset_interface.c.obj
 .text.resetd_open
                0x10003848       0x28 CMakeFiles/jogodavelha.dir/C_/Users/joseh/.pico-sdk/sdk/1.5.1/src/rp2_common/pico_stdio_usb/reset_interface.c.obj
 .text.resetd_xfer_cb
                0x10003870        0x4 CMakeFiles/jogodavelha.dir/C_/Users/joseh/.pico-sdk/sdk/1.5.1/src/rp2_common/pico_stdio_usb/reset_interface.c.obj
 .text.resetd_control_xfer_cb
                0x10003874       0x60 CMakeFiles/jogodavelha.dir/C_/Users/joseh/.pico-sdk/sdk/1.5.1/src/rp2_common/pico_stdio_usb/reset_interface.c.obj
 .text.usbd_app_driver_get_cb
                0x100038d4        0xc CMakeFiles/jogodavelha.dir/C_/Users/joseh/.pico-sdk/sdk/1.5.1/src/rp2_common/pico_stdio_usb/reset_interface.c.obj
                0x100038d4                usbd_app_driver_get_cb
 .text.tud_cdc_line_coding_cb
                0x100038e0       0x34 CMakeFiles/jogodavelha.dir/C_/Users/joseh/.pico-sdk/sdk/1.5.1/src/rp2_common/pico_stdio_usb/reset_interface.c.obj
                0x100038e0                tud_cdc_line_coding_cb
 .text.stdio_usb_set_chars_available_callback
                0x10003914       0x14 CMakeFiles/jogodavelha.dir/C_/Users/joseh/.pico-sdk/sdk/1.5.1/src/rp2_common/pico_stdio_usb/stdio_usb.c.obj
                0x10003914                stdio_usb_set_chars_available_callback
 .text.usb_irq  0x10003928       0x10 CMakeFiles/jogodavelha.dir/C_/Users/joseh/.pico-sdk/sdk/1.5.1/src/rp2_common/pico_stdio_usb/stdio_usb.c.obj
 .text.timer_task
                0x10003938       0x54 CMakeFiles/jogodavelha.dir/C_/Users/joseh/.pico-sdk/sdk/1.5.1/src/rp2_common/pico_stdio_usb/stdio_usb.c.obj
 .text.stdio_usb_in_chars
                0x1000398c       0x90 CMakeFiles/jogodavelha.dir/C_/Users/joseh/.pico-sdk/sdk/1.5.1/src/rp2_common/pico_stdio_usb/stdio_usb.c.obj
                0x1000398c                stdio_usb_in_chars
 .text.stdio_usb_out_chars
                0x10003a1c      0x104 CMakeFiles/jogodavelha.dir/C_/Users/joseh/.pico-sdk/sdk/1.5.1/src/rp2_common/pico_stdio_usb/stdio_usb.c.obj
 .text.low_priority_worker_irq
                0x10003b20       0xa8 CMakeFiles/jogodavelha.dir/C_/Users/joseh/.pico-sdk/sdk/1.5.1/src/rp2_common/pico_stdio_usb/stdio_usb.c.obj
 .text.tud_cdc_rx_cb
                0x10003bc8       0x20 CMakeFiles/jogodavelha.dir/C_/Users/joseh/.pico-sdk/sdk/1.5.1/src/rp2_common/pico_stdio_usb/stdio_usb.c.obj
                0x10003bc8                tud_cdc_rx_cb
 .text.stdio_usb_init
                0x10003be8       0xe0 CMakeFiles/jogodavelha.dir/C_/Users/joseh/.pico-sdk/sdk/1.5.1/src/rp2_common/pico_stdio_usb/stdio_usb.c.obj
                0x10003be8                stdio_usb_init
 .text.tud_descriptor_device_cb
                0x10003cc8        0x8 CMakeFiles/jogodavelha.dir/C_/Users/joseh/.pico-sdk/sdk/1.5.1/src/rp2_common/pico_stdio_usb/stdio_usb_descriptors.c.obj
                0x10003cc8                tud_descriptor_device_cb
 .text.tud_descriptor_configuration_cb
                0x10003cd0        0x8 CMakeFiles/jogodavelha.dir/C_/Users/joseh/.pico-sdk/sdk/1.5.1/src/rp2_common/pico_stdio_usb/stdio_usb_descriptors.c.obj
                0x10003cd0                tud_descriptor_configuration_cb
 .text.tud_descriptor_string_cb
                0x10003cd8       0x78 CMakeFiles/jogodavelha.dir/C_/Users/joseh/.pico-sdk/sdk/1.5.1/src/rp2_common/pico_stdio_usb/stdio_usb_descriptors.c.obj
                0x10003cd8                tud_descriptor_string_cb
 .text.startup._retrieve_unique_id_on_boot
                0x10003d50       0x10 CMakeFiles/jogodavelha.dir/C_/Users/joseh/.pico-sdk/sdk/1.5.1/src/rp2_common/pico_unique_id/unique_id.c.obj
 .text.pico_get_unique_board_id_string
                0x10003d60      0x1a8 CMakeFiles/jogodavelha.dir/C_/Users/joseh/.pico-sdk/sdk/1.5.1/src/rp2_common/pico_unique_id/unique_id.c.obj
                0x10003d60                pico_get_unique_board_id_string
 .text.flash_get_unique_id
                0x10003f08       0x3c CMakeFiles/jogodavelha.dir/C_/Users/joseh/.pico-sdk/sdk/1.5.1/src/rp2_common/hardware_flash/flash.c.obj
                0x10003f08                flash_get_unique_id
 .text.dcd_int_enable
                0x10003f44        0xc CMakeFiles/jogodavelha.dir/C_/Users/joseh/.pico-sdk/sdk/1.5.1/lib/tinyusb/src/portable/raspberrypi/rp2040/dcd_rp2040.c.obj
                0x10003f44                dcd_int_enable
 .text.dcd_set_address
                0x10003f50       0x14 CMakeFiles/jogodavelha.dir/C_/Users/joseh/.pico-sdk/sdk/1.5.1/lib/tinyusb/src/portable/raspberrypi/rp2040/dcd_rp2040.c.obj
                0x10003f50                dcd_set_address
 .text.dcd_connect
                0x10003f64       0x10 CMakeFiles/jogodavelha.dir/C_/Users/joseh/.pico-sdk/sdk/1.5.1/lib/tinyusb/src/portable/raspberrypi/rp2040/dcd_rp2040.c.obj
                0x10003f64                dcd_connect
 .text.dcd_init
                0x10003f74       0x98 CMakeFiles/jogodavelha.dir/C_/Users/joseh/.pico-sdk/sdk/1.5.1/lib/tinyusb/src/portable/raspberrypi/rp2040/dcd_rp2040.c.obj
                0x10003f74                dcd_init
 .text.dcd_edpt0_status_complete
                0x1000400c       0x1c CMakeFiles/jogodavelha.dir/C_/Users/joseh/.pico-sdk/sdk/1.5.1/lib/tinyusb/src/portable/raspberrypi/rp2040/dcd_rp2040.c.obj
                0x1000400c                dcd_edpt0_status_complete
 .text.dcd_edpt_open
                0x10004028      0x108 CMakeFiles/jogodavelha.dir/C_/Users/joseh/.pico-sdk/sdk/1.5.1/lib/tinyusb/src/portable/raspberrypi/rp2040/dcd_rp2040.c.obj
                0x10004028                dcd_edpt_open
 .text.dcd_edpt_close_all
                0x10004130        0x8 CMakeFiles/jogodavelha.dir/C_/Users/joseh/.pico-sdk/sdk/1.5.1/lib/tinyusb/src/portable/raspberrypi/rp2040/dcd_rp2040.c.obj
                0x10004130                dcd_edpt_close_all
 .text.dcd_edpt_xfer
                0x10004138       0x24 CMakeFiles/jogodavelha.dir/C_/Users/joseh/.pico-sdk/sdk/1.5.1/lib/tinyusb/src/portable/raspberrypi/rp2040/dcd_rp2040.c.obj
                0x10004138                dcd_edpt_xfer
 .text.dcd_edpt_stall
                0x1000415c       0x34 CMakeFiles/jogodavelha.dir/C_/Users/joseh/.pico-sdk/sdk/1.5.1/lib/tinyusb/src/portable/raspberrypi/rp2040/dcd_rp2040.c.obj
                0x1000415c                dcd_edpt_stall
 .text.dcd_edpt_clear_stall
                0x10004190       0x30 CMakeFiles/jogodavelha.dir/C_/Users/joseh/.pico-sdk/sdk/1.5.1/lib/tinyusb/src/portable/raspberrypi/rp2040/dcd_rp2040.c.obj
                0x10004190                dcd_edpt_clear_stall
 .text.rp2040_usb_init
                0x100041c0       0x4c CMakeFiles/jogodavelha.dir/C_/Users/joseh/.pico-sdk/sdk/1.5.1/lib/tinyusb/src/portable/raspberrypi/rp2040/rp2040_usb.c.obj
                0x100041c0                rp2040_usb_init
 .text.hw_endpoint_xfer_start
                0x1000420c       0x40 CMakeFiles/jogodavelha.dir/C_/Users/joseh/.pico-sdk/sdk/1.5.1/lib/tinyusb/src/portable/raspberrypi/rp2040/rp2040_usb.c.obj
                0x1000420c                hw_endpoint_xfer_start
 .text.tud_mounted
                0x1000424c       0x10 CMakeFiles/jogodavelha.dir/C_/Users/joseh/.pico-sdk/sdk/1.5.1/lib/tinyusb/src/device/usbd.c.obj
                0x1000424c                tud_mounted
 .text.tud_suspended
                0x1000425c       0x10 CMakeFiles/jogodavelha.dir/C_/Users/joseh/.pico-sdk/sdk/1.5.1/lib/tinyusb/src/device/usbd.c.obj
                0x1000425c                tud_suspended
 .text.tud_inited
                0x1000426c       0x14 CMakeFiles/jogodavelha.dir/C_/Users/joseh/.pico-sdk/sdk/1.5.1/lib/tinyusb/src/device/usbd.c.obj
                0x1000426c                tud_inited
 .text.tud_init
                0x10004280       0xdc CMakeFiles/jogodavelha.dir/C_/Users/joseh/.pico-sdk/sdk/1.5.1/lib/tinyusb/src/device/usbd.c.obj
                0x10004280                tud_init
 .text.tud_task_ext
                0x1000435c      0x850 CMakeFiles/jogodavelha.dir/C_/Users/joseh/.pico-sdk/sdk/1.5.1/lib/tinyusb/src/device/usbd.c.obj
                0x1000435c                tud_task_ext
 .text.usbd_open_edpt_pair
                0x10004bac       0x9c CMakeFiles/jogodavelha.dir/C_/Users/joseh/.pico-sdk/sdk/1.5.1/lib/tinyusb/src/device/usbd.c.obj
                0x10004bac                usbd_open_edpt_pair
 .text.usbd_defer_func
                0x10004c48       0x48 CMakeFiles/jogodavelha.dir/C_/Users/joseh/.pico-sdk/sdk/1.5.1/lib/tinyusb/src/device/usbd.c.obj
                0x10004c48                usbd_defer_func
 .text.usbd_edpt_open
                0x10004c90       0x34 CMakeFiles/jogodavelha.dir/C_/Users/joseh/.pico-sdk/sdk/1.5.1/lib/tinyusb/src/device/usbd.c.obj
                0x10004c90                usbd_edpt_open
 .text.usbd_edpt_claim
                0x10004cc4       0x28 CMakeFiles/jogodavelha.dir/C_/Users/joseh/.pico-sdk/sdk/1.5.1/lib/tinyusb/src/device/usbd.c.obj
                0x10004cc4                usbd_edpt_claim
 .text.usbd_edpt_release
                0x10004cec       0x28 CMakeFiles/jogodavelha.dir/C_/Users/joseh/.pico-sdk/sdk/1.5.1/lib/tinyusb/src/device/usbd.c.obj
                0x10004cec                usbd_edpt_release
 .text.usbd_edpt_xfer
                0x10004d14       0x4c CMakeFiles/jogodavelha.dir/C_/Users/joseh/.pico-sdk/sdk/1.5.1/lib/tinyusb/src/device/usbd.c.obj
                0x10004d14                usbd_edpt_xfer
 .text.tud_control_status
                0x10004d60       0x2c CMakeFiles/jogodavelha.dir/C_/Users/joseh/.pico-sdk/sdk/1.5.1/lib/tinyusb/src/device/usbd_control.c.obj
                0x10004d60                tud_control_status
 .text.tud_control_xfer
                0x10004d8c       0xac CMakeFiles/jogodavelha.dir/C_/Users/joseh/.pico-sdk/sdk/1.5.1/lib/tinyusb/src/device/usbd_control.c.obj
                0x10004d8c                tud_control_xfer
 .text.usbd_control_reset
                0x10004e38       0x14 CMakeFiles/jogodavelha.dir/C_/Users/joseh/.pico-sdk/sdk/1.5.1/lib/tinyusb/src/device/usbd_control.c.obj
                0x10004e38                usbd_control_reset
 .text.usbd_control_set_complete_callback
                0x10004e4c        0xc CMakeFiles/jogodavelha.dir/C_/Users/joseh/.pico-sdk/sdk/1.5.1/lib/tinyusb/src/device/usbd_control.c.obj
                0x10004e4c                usbd_control_set_complete_callback
 .text.usbd_control_set_request
                0x10004e58       0x1c CMakeFiles/jogodavelha.dir/C_/Users/joseh/.pico-sdk/sdk/1.5.1/lib/tinyusb/src/device/usbd_control.c.obj
                0x10004e58                usbd_control_set_request
 .text.usbd_control_xfer_cb
                0x10004e74       0xf4 CMakeFiles/jogodavelha.dir/C_/Users/joseh/.pico-sdk/sdk/1.5.1/lib/tinyusb/src/device/usbd_control.c.obj
                0x10004e74                usbd_control_xfer_cb
 .text.tud_cdc_n_connected
                0x10004f68       0x30 CMakeFiles/jogodavelha.dir/C_/Users/joseh/.pico-sdk/sdk/1.5.1/lib/tinyusb/src/class/cdc/cdc_device.c.obj
                0x10004f68                tud_cdc_n_connected
 .text.tud_cdc_n_available
                0x10004f98       0x18 CMakeFiles/jogodavelha.dir/C_/Users/joseh/.pico-sdk/sdk/1.5.1/lib/tinyusb/src/class/cdc/cdc_device.c.obj
                0x10004f98                tud_cdc_n_available
 .text.tud_cdc_n_read
                0x10004fb0       0x70 CMakeFiles/jogodavelha.dir/C_/Users/joseh/.pico-sdk/sdk/1.5.1/lib/tinyusb/src/class/cdc/cdc_device.c.obj
                0x10004fb0                tud_cdc_n_read
 .text.tud_cdc_n_write_flush
                0x10005020       0x78 CMakeFiles/jogodavelha.dir/C_/Users/joseh/.pico-sdk/sdk/1.5.1/lib/tinyusb/src/class/cdc/cdc_device.c.obj
                0x10005020                tud_cdc_n_write_flush
 .text.tud_cdc_n_write
                0x10005098       0x34 CMakeFiles/jogodavelha.dir/C_/Users/joseh/.pico-sdk/sdk/1.5.1/lib/tinyusb/src/class/cdc/cdc_device.c.obj
                0x10005098                tud_cdc_n_write
 .text.tud_cdc_n_write_available
                0x100050cc       0x18 CMakeFiles/jogodavelha.dir/C_/Users/joseh/.pico-sdk/sdk/1.5.1/lib/tinyusb/src/class/cdc/cdc_device.c.obj
                0x100050cc                tud_cdc_n_write_available
 .text.cdcd_init
                0x100050e4       0x7c CMakeFiles/jogodavelha.dir/C_/Users/joseh/.pico-sdk/sdk/1.5.1/lib/tinyusb/src/class/cdc/cdc_device.c.obj
                0x100050e4                cdcd_init
 .text.cdcd_reset
                0x10005160       0x2c CMakeFiles/jogodavelha.dir/C_/Users/joseh/.pico-sdk/sdk/1.5.1/lib/tinyusb/src/class/cdc/cdc_device.c.obj
                0x10005160                cdcd_reset
 .text.cdcd_open
                0x1000518c       0xe4 CMakeFiles/jogodavelha.dir/C_/Users/joseh/.pico-sdk/sdk/1.5.1/lib/tinyusb/src/class/cdc/cdc_device.c.obj
                0x1000518c                cdcd_open
 .text.cdcd_control_xfer_cb
                0x10005270       0xe4 CMakeFiles/jogodavelha.dir/C_/Users/joseh/.pico-sdk/sdk/1.5.1/lib/tinyusb/src/class/cdc/cdc_device.c.obj
                0x10005270                cdcd_control_xfer_cb
 .text.cdcd_xfer_cb
                0x10005354      0x13c CMakeFiles/jogodavelha.dir/C_/Users/joseh/.pico-sdk/sdk/1.5.1/lib/tinyusb/src/class/cdc/cdc_device.c.obj
                0x10005354                cdcd_xfer_cb
 .text.tusb_init
                0x10005490        0xc CMakeFiles/jogodavelha.dir/C_/Users/joseh/.pico-sdk/sdk/1.5.1/lib/tinyusb/src/tusb.c.obj
                0x10005490                tusb_init
 .text.tusb_inited
                0x1000549c        0x8 CMakeFiles/jogodavelha.dir/C_/Users/joseh/.pico-sdk/sdk/1.5.1/lib/tinyusb/src/tusb.c.obj
                0x1000549c                tusb_inited
 .text.tu_edpt_claim
                0x100054a4       0x50 CMakeFiles/jogodavelha.dir/C_/Users/joseh/.pico-sdk/sdk/1.5.1/lib/tinyusb/src/tusb.c.obj
                0x100054a4                tu_edpt_claim
 .text.tu_edpt_release
                0x100054f4       0x38 CMakeFiles/jogodavelha.dir/C_/Users/joseh/.pico-sdk/sdk/1.5.1/lib/tinyusb/src/tusb.c.obj
                0x100054f4                tu_edpt_release
 .text.tu_edpt_validate
                0x1000552c       0x7c CMakeFiles/jogodavelha.dir/C_/Users/joseh/.pico-sdk/sdk/1.5.1/lib/tinyusb/src/tusb.c.obj
                0x1000552c                tu_edpt_validate
 .text.tu_edpt_bind_driver
                0x100055a8       0x34 CMakeFiles/jogodavelha.dir/C_/Users/joseh/.pico-sdk/sdk/1.5.1/lib/tinyusb/src/tusb.c.obj
                0x100055a8                tu_edpt_bind_driver
 .text.tu_fifo_config
                0x100055dc       0x6c CMakeFiles/jogodavelha.dir/C_/Users/joseh/.pico-sdk/sdk/1.5.1/lib/tinyusb/src/common/tusb_fifo.c.obj
                0x100055dc                tu_fifo_config
 .text.tu_fifo_count
                0x10005648       0x2c CMakeFiles/jogodavelha.dir/C_/Users/joseh/.pico-sdk/sdk/1.5.1/lib/tinyusb/src/common/tusb_fifo.c.obj
                0x10005648                tu_fifo_count
 .text.tu_fifo_empty
                0x10005674       0x10 CMakeFiles/jogodavelha.dir/C_/Users/joseh/.pico-sdk/sdk/1.5.1/lib/tinyusb/src/common/tusb_fifo.c.obj
                0x10005674                tu_fifo_empty
 .text.tu_fifo_remaining
                0x10005684       0x2c CMakeFiles/jogodavelha.dir/C_/Users/joseh/.pico-sdk/sdk/1.5.1/lib/tinyusb/src/common/tusb_fifo.c.obj
                0x10005684                tu_fifo_remaining
 .text.tu_fifo_read
                0x100056b0       0x9c CMakeFiles/jogodavelha.dir/C_/Users/joseh/.pico-sdk/sdk/1.5.1/lib/tinyusb/src/common/tusb_fifo.c.obj
                0x100056b0                tu_fifo_read
 .text.tu_fifo_read_n
                0x1000574c       0xe8 CMakeFiles/jogodavelha.dir/C_/Users/joseh/.pico-sdk/sdk/1.5.1/lib/tinyusb/src/common/tusb_fifo.c.obj
                0x1000574c                tu_fifo_read_n
 .text.tu_fifo_write
                0x10005834       0xa8 CMakeFiles/jogodavelha.dir/C_/Users/joseh/.pico-sdk/sdk/1.5.1/lib/tinyusb/src/common/tusb_fifo.c.obj
                0x10005834                tu_fifo_write
 .text.tu_fifo_write_n
                0x100058dc      0x178 CMakeFiles/jogodavelha.dir/C_/Users/joseh/.pico-sdk/sdk/1.5.1/lib/tinyusb/src/common/tusb_fifo.c.obj
                0x100058dc                tu_fifo_write_n
 .text.tu_fifo_clear
                0x10005a54       0x40 CMakeFiles/jogodavelha.dir/C_/Users/joseh/.pico-sdk/sdk/1.5.1/lib/tinyusb/src/common/tusb_fifo.c.obj
                0x10005a54                tu_fifo_clear
 .text.tu_fifo_set_overwritable
                0x10005a94       0x48 CMakeFiles/jogodavelha.dir/C_/Users/joseh/.pico-sdk/sdk/1.5.1/lib/tinyusb/src/common/tusb_fifo.c.obj
                0x10005a94                tu_fifo_set_overwritable
 .text.pio_claim_unused_sm
                0x10005adc       0x3c CMakeFiles/jogodavelha.dir/C_/Users/joseh/.pico-sdk/sdk/1.5.1/src/rp2_common/hardware_pio/pio.c.obj
                0x10005adc                pio_claim_unused_sm
 .text.pio_add_program
                0x10005b18       0xf0 CMakeFiles/jogodavelha.dir/C_/Users/joseh/.pico-sdk/sdk/1.5.1/src/rp2_common/hardware_pio/pio.c.obj
                0x10005b18                pio_add_program
 .text.pio_sm_set_consecutive_pindirs
                0x10005c08       0xa8 CMakeFiles/jogodavelha.dir/C_/Users/joseh/.pico-sdk/sdk/1.5.1/src/rp2_common/hardware_pio/pio.c.obj
                0x10005c08                pio_sm_set_consecutive_pindirs
 .text.pio_sm_init
                0x10005cb0       0x98 CMakeFiles/jogodavelha.dir/C_/Users/joseh/.pico-sdk/sdk/1.5.1/src/rp2_common/hardware_pio/pio.c.obj
                0x10005cb0                pio_sm_init
 .text.i2c_set_baudrate
                0x10005d48       0xc4 CMakeFiles/jogodavelha.dir/C_/Users/joseh/.pico-sdk/sdk/1.5.1/src/rp2_common/hardware_i2c/i2c.c.obj
                0x10005d48                i2c_set_baudrate
 .text.i2c_init
                0x10005e0c       0x50 CMakeFiles/jogodavelha.dir/C_/Users/joseh/.pico-sdk/sdk/1.5.1/src/rp2_common/hardware_i2c/i2c.c.obj
                0x10005e0c                i2c_init
 .text.i2c_write_blocking
                0x10005e5c       0xd0 CMakeFiles/jogodavelha.dir/C_/Users/joseh/.pico-sdk/sdk/1.5.1/src/rp2_common/hardware_i2c/i2c.c.obj
                0x10005e5c                i2c_write_blocking
 .text.malloc   0x10005f2c       0x14 C:/Users/joseh/.pico-sdk/toolchain/13_2_Rel1/bin/../lib/gcc/arm-none-eabi/13.2.1/thumb/v6-m/nofp\libc.a(libc_a-malloc.o)
                0x10005f2c                malloc
 .text.free     0x10005f40       0x14 C:/Users/joseh/.pico-sdk/toolchain/13_2_Rel1/bin/../lib/gcc/arm-none-eabi/13.2.1/thumb/v6-m/nofp\libc.a(libc_a-malloc.o)
                0x10005f40                free
 .text._malloc_r
                0x10005f54      0x5c4 C:/Users/joseh/.pico-sdk/toolchain/13_2_Rel1/bin/../lib/gcc/arm-none-eabi/13.2.1/thumb/v6-m/nofp\libc.a(libc_a-mallocr.o)
                0x10005f54                _malloc_r
 .text.__malloc_lock
                0x10006518       0x10 C:/Users/joseh/.pico-sdk/toolchain/13_2_Rel1/bin/../lib/gcc/arm-none-eabi/13.2.1/thumb/v6-m/nofp\libc.a(libc_a-mlock.o)
                0x10006518                __malloc_lock
 .text.__malloc_unlock
                0x10006528       0x10 C:/Users/joseh/.pico-sdk/toolchain/13_2_Rel1/bin/../lib/gcc/arm-none-eabi/13.2.1/thumb/v6-m/nofp\libc.a(libc_a-mlock.o)
                0x10006528                __malloc_unlock
 .text._sbrk_r  0x10006538       0x24 C:/Users/joseh/.pico-sdk/toolchain/13_2_Rel1/bin/../lib/gcc/arm-none-eabi/13.2.1/thumb/v6-m/nofp\libc.a(libc_a-sbrkr.o)
                0x10006538                _sbrk_r
 .text.__errno  0x1000655c        0xc C:/Users/joseh/.pico-sdk/toolchain/13_2_Rel1/bin/../lib/gcc/arm-none-eabi/13.2.1/thumb/v6-m/nofp\libc.a(libc_a-errno.o)
                0x1000655c                __errno
 .text.__retarget_lock_acquire_recursive
                0x10006568        0x4 C:/Users/joseh/.pico-sdk/toolchain/13_2_Rel1/bin/../lib/gcc/arm-none-eabi/13.2.1/thumb/v6-m/nofp\libc.a(libc_a-lock.o)
                0x10006568                __retarget_lock_acquire_recursive
 .text.__retarget_lock_release_recursive
                0x1000656c        0x4 C:/Users/joseh/.pico-sdk/toolchain/13_2_Rel1/bin/../lib/gcc/arm-none-eabi/13.2.1/thumb/v6-m/nofp\libc.a(libc_a-lock.o)
                0x1000656c                __retarget_lock_release_recursive
 .text.sysconf  0x10006570       0x1c C:/Users/joseh/.pico-sdk/toolchain/13_2_Rel1/bin/../lib/gcc/arm-none-eabi/13.2.1/thumb/v6-m/nofp\libc.a(libc_a-sysconf.o)
                0x10006570                sysconf
 .text.strlen   0x1000658c       0x5c C:/Users/joseh/.pico-sdk/toolchain/13_2_Rel1/bin/../lib/gcc/arm-none-eabi/13.2.1/thumb/v6-m/nofp\libc.a(libc_a-strlen-stub.o)
                0x1000658c                strlen
 .text._malloc_trim_r
                0x100065e8       0xb4 C:/Users/joseh/.pico-sdk/toolchain/13_2_Rel1/bin/../lib/gcc/arm-none-eabi/13.2.1/thumb/v6-m/nofp\libc.a(libc_a-freer.o)
                0x100065e8                _malloc_trim_r
 .text._free_r  0x1000669c      0x1d4 C:/Users/joseh/.pico-sdk/toolchain/13_2_Rel1/bin/../lib/gcc/arm-none-eabi/13.2.1/thumb/v6-m/nofp\libc.a(libc_a-freer.o)
                0x1000669c                _free_r
 *(.fini)
 .fini          0x10006870        0x4 C:/Users/joseh/.pico-sdk/toolchain/13_2_Rel1/bin/../lib/gcc/arm-none-eabi/13.2.1/thumb/v6-m/nofp/crti.o
                0x10006870                _fini
 *fill*         0x10006874        0x4 
 .fini.__stub   0x10006878       0xb0 linker stubs
 *crtbegin.o(.ctors)
 *crtbegin?.o(.ctors)
 *(EXCLUDE_FILE(*crtend.o *crtend?.o) .ctors)
 *(SORT_BY_NAME(.ctors.*))
 *(.ctors)
 *crtbegin.o(.dtors)
 *crtbegin?.o(.dtors)
 *(EXCLUDE_FILE(*crtend.o *crtend?.o) .dtors)
 *(SORT_BY_NAME(.dtors.*))
 *(.dtors)
 *(.eh_frame*)
 .eh_frame      0x10006928        0x0 C:/Users/joseh/.pico-sdk/toolchain/13_2_Rel1/bin/../lib/gcc/arm-none-eabi/13.2.1/thumb/v6-m/nofp/crtbegin.o
                0x10006928                        . = ALIGN (0x4)

.glue_7         0x10006928        0x0
 .glue_7        0x10006928        0x0 linker stubs

.glue_7t        0x10006928        0x0
 .glue_7t       0x10006928        0x0 linker stubs

.vfp11_veneer   0x10006928        0x0
 .vfp11_veneer  0x10006928        0x0 linker stubs

.v4_bx          0x10006928        0x0
 .v4_bx         0x10006928        0x0 linker stubs

.iplt           0x10006928        0x0
 .iplt          0x10006928        0x0 C:/Users/joseh/.pico-sdk/toolchain/13_2_Rel1/bin/../lib/gcc/arm-none-eabi/13.2.1/thumb/v6-m/nofp/crtbegin.o

.rodata         0x10006928      0x82c
 *(EXCLUDE_FILE(*libm.a: *libc.a:*lib_a-mem*.o *libgcc.a:) .rodata*)
 .rodata.str1.4
                0x10006928      0x34d CMakeFiles/jogodavelha.dir/jogodavelha.c.obj
                                0x19e (size before relaxing)
 *fill*         0x10006c75        0x3 
 .rodata.ws2818b_program
                0x10006c78        0x6 CMakeFiles/jogodavelha.dir/jogodavelha.c.obj
 *fill*         0x10006c7e        0x2 
 .rodata.ws2818b_program_instructions
                0x10006c80        0x8 CMakeFiles/jogodavelha.dir/jogodavelha.c.obj
 .rodata        0x10006c88      0x108 CMakeFiles/jogodavelha.dir/jogodavelha.c.obj
 .rodata.font   0x10006d90      0x128 CMakeFiles/jogodavelha.dir/inc/ssd1306_i2c.c.obj
 .rodata        0x10006eb8       0x1a CMakeFiles/jogodavelha.dir/inc/ssd1306_i2c.c.obj
 .rodata.spin_lock_claim_unused.str1.4
                0x10006ed2       0x1b CMakeFiles/jogodavelha.dir/C_/Users/joseh/.pico-sdk/sdk/1.5.1/src/rp2_common/hardware_sync/sync.c.obj
 .rodata.user_irq_claim_unused.str1.4
                0x10006ed2       0x1b CMakeFiles/jogodavelha.dir/C_/Users/joseh/.pico-sdk/sdk/1.5.1/src/rp2_common/hardware_irq/irq.c.obj
 .rodata.hardware_alarm_claim.str1.4
                0x10006ed2       0x22 CMakeFiles/jogodavelha.dir/C_/Users/joseh/.pico-sdk/sdk/1.5.1/src/rp2_common/hardware_timer/timer.c.obj
 .rodata.panic.str1.4
                0x10006ed2       0x12 CMakeFiles/jogodavelha.dir/C_/Users/joseh/.pico-sdk/sdk/1.5.1/src/rp2_common/pico_runtime/runtime.c.obj
 .rodata.hard_assertion_failure.str1.4
                0x10006ed2        0xc CMakeFiles/jogodavelha.dir/C_/Users/joseh/.pico-sdk/sdk/1.5.1/src/rp2_common/pico_runtime/runtime.c.obj
 .rodata.__wrap_malloc.str1.4
                0x10006ed2        0xe CMakeFiles/jogodavelha.dir/C_/Users/joseh/.pico-sdk/sdk/1.5.1/src/rp2_common/pico_malloc/pico_malloc.c.obj
 .rodata.str1.4
                0x10006ed2       0x44 CMakeFiles/jogodavelha.dir/C_/Users/joseh/.pico-sdk/sdk/1.5.1/src/rp2_common/pico_standard_link/binary_info.c.obj
 *fill*         0x10006ed2        0x2 
 .rodata.__bi_81
                0x10006ed4        0xc CMakeFiles/jogodavelha.dir/C_/Users/joseh/.pico-sdk/sdk/1.5.1/src/rp2_common/pico_standard_link/binary_info.c.obj
 .rodata.__bi_75
                0x10006ee0        0xc CMakeFiles/jogodavelha.dir/C_/Users/joseh/.pico-sdk/sdk/1.5.1/src/rp2_common/pico_standard_link/binary_info.c.obj
 .rodata.__bi_56
                0x10006eec        0xc CMakeFiles/jogodavelha.dir/C_/Users/joseh/.pico-sdk/sdk/1.5.1/src/rp2_common/pico_standard_link/binary_info.c.obj
 .rodata.__bi_44
                0x10006ef8        0xc CMakeFiles/jogodavelha.dir/C_/Users/joseh/.pico-sdk/sdk/1.5.1/src/rp2_common/pico_standard_link/binary_info.c.obj
 .rodata.crlf_str.0
                0x10006f04        0x2 CMakeFiles/jogodavelha.dir/C_/Users/joseh/.pico-sdk/sdk/1.5.1/src/rp2_common/pico_stdio/stdio.c.obj
 *fill*         0x10006f06        0x2 
 .rodata._resetd_driver
                0x10006f08       0x18 CMakeFiles/jogodavelha.dir/C_/Users/joseh/.pico-sdk/sdk/1.5.1/src/rp2_common/pico_stdio_usb/reset_interface.c.obj
 .rodata.str1.4
                0x10006f20       0x13 CMakeFiles/jogodavelha.dir/C_/Users/joseh/.pico-sdk/sdk/1.5.1/src/rp2_common/pico_stdio_usb/stdio_usb.c.obj
 .rodata.__bi_182.0
                0x10006f20        0xc CMakeFiles/jogodavelha.dir/C_/Users/joseh/.pico-sdk/sdk/1.5.1/src/rp2_common/pico_stdio_usb/stdio_usb.c.obj
 .rodata.str1.4
                0x10006f2c       0x2a CMakeFiles/jogodavelha.dir/C_/Users/joseh/.pico-sdk/sdk/1.5.1/src/rp2_common/pico_stdio_usb/stdio_usb_descriptors.c.obj
 .rodata.usbd_desc_str
                0x10006f2c       0x18 CMakeFiles/jogodavelha.dir/C_/Users/joseh/.pico-sdk/sdk/1.5.1/src/rp2_common/pico_stdio_usb/stdio_usb_descriptors.c.obj
 .rodata.usbd_desc_cfg
                0x10006f44       0x54 CMakeFiles/jogodavelha.dir/C_/Users/joseh/.pico-sdk/sdk/1.5.1/src/rp2_common/pico_stdio_usb/stdio_usb_descriptors.c.obj
 .rodata.usbd_desc_device
                0x10006f98       0x12 CMakeFiles/jogodavelha.dir/C_/Users/joseh/.pico-sdk/sdk/1.5.1/src/rp2_common/pico_stdio_usb/stdio_usb_descriptors.c.obj
 .rodata.str1.4
                0x10006faa       0x14 CMakeFiles/jogodavelha.dir/C_/Users/joseh/.pico-sdk/sdk/1.5.1/lib/tinyusb/src/portable/raspberrypi/rp2040/dcd_rp2040.c.obj
 .rodata.str1.4
                0x10006faa       0x53 CMakeFiles/jogodavelha.dir/C_/Users/joseh/.pico-sdk/sdk/1.5.1/lib/tinyusb/src/portable/raspberrypi/rp2040/rp2040_usb.c.obj
 *fill*         0x10006faa        0x2 
 .rodata.tud_task_ext
                0x10006fac       0x8c CMakeFiles/jogodavelha.dir/C_/Users/joseh/.pico-sdk/sdk/1.5.1/lib/tinyusb/src/device/usbd.c.obj
 .rodata._usbd_driver
                0x10007038       0x18 CMakeFiles/jogodavelha.dir/C_/Users/joseh/.pico-sdk/sdk/1.5.1/lib/tinyusb/src/device/usbd.c.obj
 .rodata.pio_claim_unused_sm.str1.4
                0x10007050       0x24 CMakeFiles/jogodavelha.dir/C_/Users/joseh/.pico-sdk/sdk/1.5.1/src/rp2_common/hardware_pio/pio.c.obj
 .rodata.pio_add_program.str1.4
                0x10007050       0x11 CMakeFiles/jogodavelha.dir/C_/Users/joseh/.pico-sdk/sdk/1.5.1/src/rp2_common/hardware_pio/pio.c.obj
 .rodata._ctype_
                0x10007050      0x101 C:/Users/joseh/.pico-sdk/toolchain/13_2_Rel1/bin/../lib/gcc/arm-none-eabi/13.2.1/thumb/v6-m/nofp\libc.a(libc_a-ctype_.o)
                0x10007050                _ctype_
                0x10007154                        . = ALIGN (0x4)
 *fill*         0x10007151        0x3 
 *(SORT_BY_ALIGNMENT(SORT_BY_NAME(.flashdata*)))
                0x10007154                        . = ALIGN (0x4)

.ARM.extab
 *(.ARM.extab* .gnu.linkonce.armextab.*)
                0x10007154                        __exidx_start = .

.ARM.exidx
 *(.ARM.exidx* .gnu.linkonce.armexidx.*)
                0x10007154                        __exidx_end = .
                0x10007154                        . = ALIGN (0x4)
                0x10007154                        __binary_info_start = .

.binary_info    0x10007154       0x24
 *(.binary_info.keep.*)
 .binary_info.keep.__bi_ptr81
                0x10007154        0x4 CMakeFiles/jogodavelha.dir/C_/Users/joseh/.pico-sdk/sdk/1.5.1/src/rp2_common/pico_standard_link/binary_info.c.obj
 .binary_info.keep.__bi_ptr75
                0x10007158        0x4 CMakeFiles/jogodavelha.dir/C_/Users/joseh/.pico-sdk/sdk/1.5.1/src/rp2_common/pico_standard_link/binary_info.c.obj
 .binary_info.keep.__bi_ptr56
                0x1000715c        0x4 CMakeFiles/jogodavelha.dir/C_/Users/joseh/.pico-sdk/sdk/1.5.1/src/rp2_common/pico_standard_link/binary_info.c.obj
 .binary_info.keep.__bi_ptr50
                0x10007160        0x4 CMakeFiles/jogodavelha.dir/C_/Users/joseh/.pico-sdk/sdk/1.5.1/src/rp2_common/pico_standard_link/binary_info.c.obj
 .binary_info.keep.__bi_ptr44
                0x10007164        0x4 CMakeFiles/jogodavelha.dir/C_/Users/joseh/.pico-sdk/sdk/1.5.1/src/rp2_common/pico_standard_link/binary_info.c.obj
 .binary_info.keep.__bi_ptr38
                0x10007168        0x4 CMakeFiles/jogodavelha.dir/C_/Users/joseh/.pico-sdk/sdk/1.5.1/src/rp2_common/pico_standard_link/binary_info.c.obj
 .binary_info.keep.__bi_ptr30
                0x1000716c        0x4 CMakeFiles/jogodavelha.dir/C_/Users/joseh/.pico-sdk/sdk/1.5.1/src/rp2_common/pico_standard_link/binary_info.c.obj
 .binary_info.keep.__bi_ptr22
                0x10007170        0x4 CMakeFiles/jogodavelha.dir/C_/Users/joseh/.pico-sdk/sdk/1.5.1/src/rp2_common/pico_standard_link/binary_info.c.obj
 *(.binary_info.*)
 .binary_info.__bi_ptr182
                0x10007174        0x4 CMakeFiles/jogodavelha.dir/C_/Users/joseh/.pico-sdk/sdk/1.5.1/src/rp2_common/pico_stdio_usb/stdio_usb.c.obj
                0x10007178                        __binary_info_end = .

.rel.dyn        0x10007178        0x0
 .rel.iplt      0x10007178        0x0 C:/Users/joseh/.pico-sdk/toolchain/13_2_Rel1/bin/../lib/gcc/arm-none-eabi/13.2.1/thumb/v6-m/nofp/crtbegin.o
                0x10007178                        . = ALIGN (0x4)

.ram_vector_table
                0x20000000       0xc0
 *(.ram_vector_table)
 .ram_vector_table
                0x20000000       0xc0 CMakeFiles/jogodavelha.dir/C_/Users/joseh/.pico-sdk/sdk/1.5.1/src/rp2_common/pico_runtime/runtime.c.obj
                0x20000000                ram_vector_table

.data           0x200000c0     0x1378 load address 0x10007178
                0x200000c0                        __data_start__ = .
 *(vtable)
 *(.time_critical*)
 .time_critical.mutex_try_enter
                0x200000c0       0x40 CMakeFiles/jogodavelha.dir/C_/Users/joseh/.pico-sdk/sdk/1.5.1/src/common/pico_sync/mutex.c.obj
                0x200000c0                mutex_try_enter
 .time_critical.mutex_try_enter_block_until
                0x20000100       0x9c CMakeFiles/jogodavelha.dir/C_/Users/joseh/.pico-sdk/sdk/1.5.1/src/common/pico_sync/mutex.c.obj
                0x20000100                mutex_try_enter_block_until
 .time_critical.mutex_enter_timeout_ms
                0x2000019c       0x90 CMakeFiles/jogodavelha.dir/C_/Users/joseh/.pico-sdk/sdk/1.5.1/src/common/pico_sync/mutex.c.obj
                0x2000019c                mutex_enter_timeout_ms
 .time_critical.mutex_exit
                0x2000022c       0x28 CMakeFiles/jogodavelha.dir/C_/Users/joseh/.pico-sdk/sdk/1.5.1/src/common/pico_sync/mutex.c.obj
                0x2000022c                mutex_exit
 .time_critical.flash_init_boot2_copyout
                0x20000254       0x30 CMakeFiles/jogodavelha.dir/C_/Users/joseh/.pico-sdk/sdk/1.5.1/src/rp2_common/hardware_flash/flash.c.obj
 .time_critical.flash_enable_xip_via_boot2
                0x20000284        0xc CMakeFiles/jogodavelha.dir/C_/Users/joseh/.pico-sdk/sdk/1.5.1/src/rp2_common/hardware_flash/flash.c.obj
 .time_critical.flash_cs_force
                0x20000290       0x38 CMakeFiles/jogodavelha.dir/C_/Users/joseh/.pico-sdk/sdk/1.5.1/src/rp2_common/hardware_flash/flash.c.obj
 .time_critical.flash_do_cmd
                0x200002c8       0xc0 CMakeFiles/jogodavelha.dir/C_/Users/joseh/.pico-sdk/sdk/1.5.1/src/rp2_common/hardware_flash/flash.c.obj
                0x200002c8                flash_do_cmd
 .time_critical.reset_non_control_endpoints
                0x20000388       0x68 CMakeFiles/jogodavelha.dir/C_/Users/joseh/.pico-sdk/sdk/1.5.1/lib/tinyusb/src/portable/raspberrypi/rp2040/dcd_rp2040.c.obj
 .time_critical.hw_handle_buff_status
                0x200003f0       0xb0 CMakeFiles/jogodavelha.dir/C_/Users/joseh/.pico-sdk/sdk/1.5.1/lib/tinyusb/src/portable/raspberrypi/rp2040/dcd_rp2040.c.obj
 .time_critical.dcd_rp2040_irq
                0x200004a0      0x510 CMakeFiles/jogodavelha.dir/C_/Users/joseh/.pico-sdk/sdk/1.5.1/lib/tinyusb/src/portable/raspberrypi/rp2040/dcd_rp2040.c.obj
 .time_critical.e15_is_bulkin_ep
                0x200009b0       0x28 CMakeFiles/jogodavelha.dir/C_/Users/joseh/.pico-sdk/sdk/1.5.1/lib/tinyusb/src/portable/raspberrypi/rp2040/rp2040_usb.c.obj
 .time_critical.e15_is_critical_frame_period
                0x200009d8       0x34 CMakeFiles/jogodavelha.dir/C_/Users/joseh/.pico-sdk/sdk/1.5.1/lib/tinyusb/src/portable/raspberrypi/rp2040/rp2040_usb.c.obj
 .time_critical.prepare_ep_buffer
                0x20000a0c       0x6c CMakeFiles/jogodavelha.dir/C_/Users/joseh/.pico-sdk/sdk/1.5.1/lib/tinyusb/src/portable/raspberrypi/rp2040/rp2040_usb.c.obj
 .time_critical.sync_ep_buffer
                0x20000a78       0x48 CMakeFiles/jogodavelha.dir/C_/Users/joseh/.pico-sdk/sdk/1.5.1/lib/tinyusb/src/portable/raspberrypi/rp2040/rp2040_usb.c.obj
 .time_critical._hw_endpoint_xfer_sync
                0x20000ac0       0x28 CMakeFiles/jogodavelha.dir/C_/Users/joseh/.pico-sdk/sdk/1.5.1/lib/tinyusb/src/portable/raspberrypi/rp2040/rp2040_usb.c.obj
 .time_critical.hw_endpoint_reset_transfer
                0x20000ae8        0xc CMakeFiles/jogodavelha.dir/C_/Users/joseh/.pico-sdk/sdk/1.5.1/lib/tinyusb/src/portable/raspberrypi/rp2040/rp2040_usb.c.obj
                0x20000ae8                hw_endpoint_reset_transfer
 .time_critical._hw_endpoint_buffer_control_update32
                0x20000af4       0x58 CMakeFiles/jogodavelha.dir/C_/Users/joseh/.pico-sdk/sdk/1.5.1/lib/tinyusb/src/portable/raspberrypi/rp2040/rp2040_usb.c.obj
                0x20000af4                _hw_endpoint_buffer_control_update32
 .time_critical.hw_endpoint_start_next_buffer
                0x20000b4c       0x6c CMakeFiles/jogodavelha.dir/C_/Users/joseh/.pico-sdk/sdk/1.5.1/lib/tinyusb/src/portable/raspberrypi/rp2040/rp2040_usb.c.obj
                0x20000b4c                hw_endpoint_start_next_buffer
 .time_critical.hw_endpoint_xfer_continue
                0x20000bb8       0x50 CMakeFiles/jogodavelha.dir/C_/Users/joseh/.pico-sdk/sdk/1.5.1/lib/tinyusb/src/portable/raspberrypi/rp2040/rp2040_usb.c.obj
                0x20000bb8                hw_endpoint_xfer_continue
 .time_critical.tinyusb
                0x20000c08      0x16c CMakeFiles/jogodavelha.dir/C_/Users/joseh/.pico-sdk/sdk/1.5.1/lib/tinyusb/src/device/usbd.c.obj
                0x20000c08                dcd_event_handler
 *(.text*)
 .text          0x20000d74        0x4 C:/Users/joseh/.pico-sdk/toolchain/13_2_Rel1/bin/../lib/gcc/arm-none-eabi/13.2.1/thumb/v6-m/nofp\libgcc.a(_dvmd_tls.o)
                0x20000d74                __aeabi_idiv0
                0x20000d74                __aeabi_ldiv0
 .text.__stub   0x20000d78       0x70 linker stubs
                0x20000de8                        . = ALIGN (0x4)
 *(.rodata*)
                0x20000de8                        . = ALIGN (0x4)
 *(.data*)
 .data.jogador_atual
                0x20000de8        0x4 CMakeFiles/jogodavelha.dir/jogodavelha.c.obj
                0x20000de8                jogador_atual
 .data.frame_area
                0x20000dec        0x8 CMakeFiles/jogodavelha.dir/jogodavelha.c.obj
                0x20000dec                frame_area
 .data.striped_spin_lock_num
                0x20000df4        0x1 CMakeFiles/jogodavelha.dir/C_/Users/joseh/.pico-sdk/sdk/1.5.1/src/rp2_common/hardware_sync/sync.c.obj
 *fill*         0x20000df5        0x3 
 .data          0x20000df8       0x48 CMakeFiles/jogodavelha.dir/C_/Users/joseh/.pico-sdk/sdk/1.5.1/src/rp2_common/hardware_irq/irq_handler_chain.S.obj
                0x20000df8                irq_handler_chain_slots
                0x20000e28                irq_handler_chain_first_slot
                0x20000e32                irq_handler_chain_remove_tail
 .data.default_alarm_pool
                0x20000e40       0x18 CMakeFiles/jogodavelha.dir/C_/Users/joseh/.pico-sdk/sdk/1.5.1/src/common/pico_time/time.c.obj
 .data.default_alarm_pool_heap
                0x20000e58       0x10 CMakeFiles/jogodavelha.dir/C_/Users/joseh/.pico-sdk/sdk/1.5.1/src/common/pico_time/time.c.obj
 *fill*         0x20000e68        0x8 
 .data.aeabi_bits_funcs
                0x20000e70       0x10 CMakeFiles/jogodavelha.dir/C_/Users/joseh/.pico-sdk/sdk/1.5.1/src/rp2_common/pico_bit_ops/bit_ops_aeabi.S.obj
                0x20000e70                aeabi_bits_funcs
                0x20000e80                aeabi_bits_funcs_end
 .data.aeabi_mem_funcs
                0x20000e80       0x10 CMakeFiles/jogodavelha.dir/C_/Users/joseh/.pico-sdk/sdk/1.5.1/src/rp2_common/pico_mem_ops/mem_ops_aeabi.S.obj
                0x20000e80                aeabi_mem_funcs
                0x20000e90                aeabi_mem_funcs_end
 .data.stdio_usb
                0x20000e90       0x18 CMakeFiles/jogodavelha.dir/C_/Users/joseh/.pico-sdk/sdk/1.5.1/src/rp2_common/pico_stdio_usb/stdio_usb.c.obj
                0x20000e90                stdio_usb
 .data.ep_dir_string
                0x20000ea8        0x8 CMakeFiles/jogodavelha.dir/C_/Users/joseh/.pico-sdk/sdk/1.5.1/lib/tinyusb/src/portable/raspberrypi/rp2040/rp2040_usb.c.obj
                0x20000ea8                ep_dir_string
 .data._usbd_qdef
                0x20000eb0       0x1c CMakeFiles/jogodavelha.dir/C_/Users/joseh/.pico-sdk/sdk/1.5.1/lib/tinyusb/src/device/usbd.c.obj
                0x20000eb0                _usbd_qdef
 .data._usbd_rhport
                0x20000ecc        0x1 CMakeFiles/jogodavelha.dir/C_/Users/joseh/.pico-sdk/sdk/1.5.1/lib/tinyusb/src/device/usbd.c.obj
 *fill*         0x20000ecd        0x3 
 .data.i2c1_inst
                0x20000ed0        0x8 CMakeFiles/jogodavelha.dir/C_/Users/joseh/.pico-sdk/sdk/1.5.1/src/rp2_common/hardware_i2c/i2c.c.obj
                0x20000ed0                i2c1_inst
 .data.i2c0_inst
                0x20000ed8        0x8 CMakeFiles/jogodavelha.dir/C_/Users/joseh/.pico-sdk/sdk/1.5.1/src/rp2_common/hardware_i2c/i2c.c.obj
                0x20000ed8                i2c0_inst
 .data.__malloc_sbrk_base
                0x20000ee0        0x4 C:/Users/joseh/.pico-sdk/toolchain/13_2_Rel1/bin/../lib/gcc/arm-none-eabi/13.2.1/thumb/v6-m/nofp\libc.a(libc_a-mallocr.o)
                0x20000ee0                __malloc_sbrk_base
 .data.__malloc_trim_threshold
                0x20000ee4        0x4 C:/Users/joseh/.pico-sdk/toolchain/13_2_Rel1/bin/../lib/gcc/arm-none-eabi/13.2.1/thumb/v6-m/nofp\libc.a(libc_a-mallocr.o)
                0x20000ee4                __malloc_trim_threshold
 .data.__malloc_av_
                0x20000ee8      0x408 C:/Users/joseh/.pico-sdk/toolchain/13_2_Rel1/bin/../lib/gcc/arm-none-eabi/13.2.1/thumb/v6-m/nofp\libc.a(libc_a-mallocr.o)
                0x20000ee8                __malloc_av_
 .data._impure_ptr
                0x200012f0        0x4 C:/Users/joseh/.pico-sdk/toolchain/13_2_Rel1/bin/../lib/gcc/arm-none-eabi/13.2.1/thumb/v6-m/nofp\libc.a(libc_a-impure.o)
                0x200012f0                _impure_ptr
 *fill*         0x200012f4        0x4 
 .data._impure_data
                0x200012f8      0x120 C:/Users/joseh/.pico-sdk/toolchain/13_2_Rel1/bin/../lib/gcc/arm-none-eabi/13.2.1/thumb/v6-m/nofp\libc.a(libc_a-impure.o)
                0x200012f8                _impure_data
                0x20001418                        . = ALIGN (0x4)
 *(.after_data.*)
                0x20001418                        . = ALIGN (0x4)
                0x20001418                        PROVIDE (__mutex_array_start = .)
 *(SORT_BY_NAME(.mutex_array.*))
 *(.mutex_array)
 .mutex_array   0x20001418        0x8 CMakeFiles/jogodavelha.dir/C_/Users/joseh/.pico-sdk/sdk/1.5.1/src/rp2_common/pico_stdio/stdio.c.obj
                0x20001420                        PROVIDE (__mutex_array_end = .)
                0x20001420                        . = ALIGN (0x4)
                0x20001420                        PROVIDE (__preinit_array_start = .)
 *(SORT_BY_NAME(.preinit_array.*))
 .preinit_array.00001
                0x20001420        0x4 CMakeFiles/jogodavelha.dir/C_/Users/joseh/.pico-sdk/sdk/1.5.1/src/rp2_common/pico_mem_ops/mem_ops_aeabi.S.obj
 .preinit_array.00010
                0x20001424        0x4 CMakeFiles/jogodavelha.dir/C_/Users/joseh/.pico-sdk/sdk/1.5.1/src/rp2_common/pico_bit_ops/bit_ops_aeabi.S.obj
 .preinit_array.00020
                0x20001428        0x4 CMakeFiles/jogodavelha.dir/C_/Users/joseh/.pico-sdk/sdk/1.5.1/src/rp2_common/pico_double/double_aeabi.S.obj
 .preinit_array.00020
                0x2000142c        0x4 CMakeFiles/jogodavelha.dir/C_/Users/joseh/.pico-sdk/sdk/1.5.1/src/rp2_common/pico_float/float_aeabi.S.obj
 *(.preinit_array)
                0x20001430                        PROVIDE (__preinit_array_end = .)
                0x20001430                        . = ALIGN (0x4)
                0x20001430                        PROVIDE (__init_array_start = .)
 *(SORT_BY_NAME(.init_array.*))
 *(.init_array)
 .init_array    0x20001430        0x4 C:/Users/joseh/.pico-sdk/toolchain/13_2_Rel1/bin/../lib/gcc/arm-none-eabi/13.2.1/thumb/v6-m/nofp/crtbegin.o
 .init_array    0x20001434        0x4 CMakeFiles/jogodavelha.dir/C_/Users/joseh/.pico-sdk/sdk/1.5.1/src/rp2_common/pico_unique_id/unique_id.c.obj
                0x20001438                        PROVIDE (__init_array_end = .)
                0x20001438                        . = ALIGN (0x4)
                [!provide]                        PROVIDE (__fini_array_start = .)
 *(SORT_BY_NAME(.fini_array.*))
 *(.fini_array)
                [!provide]                        PROVIDE (__fini_array_end = .)
 *(.jcr)
                0x20001438                        . = ALIGN (0x4)
                0x20001438                        __data_end__ = .
                0x10007178                        __etext = LOADADDR (.data)

.tm_clone_table
                0x20001438        0x0 load address 0x100084f0
 .tm_clone_table
                0x20001438        0x0 C:/Users/joseh/.pico-sdk/toolchain/13_2_Rel1/bin/../lib/gcc/arm-none-eabi/13.2.1/thumb/v6-m/nofp/crtbegin.o
 .tm_clone_table
                0x20001438        0x0 C:/Users/joseh/.pico-sdk/toolchain/13_2_Rel1/bin/../lib/gcc/arm-none-eabi/13.2.1/thumb/v6-m/nofp/crtend.o

.igot.plt       0x20001438        0x0 load address 0x100084f0
 .igot.plt      0x20001438        0x0 C:/Users/joseh/.pico-sdk/toolchain/13_2_Rel1/bin/../lib/gcc/arm-none-eabi/13.2.1/thumb/v6-m/nofp/crtbegin.o

.uninitialized_data
                0x20001438        0x0 load address 0x100084f0
                0x20001438                        . = ALIGN (0x4)
 *(.uninitialized_data*)

.scratch_x      0x20040000        0x0 load address 0x100084f0
                0x20040000                        __scratch_x_start__ = .
 *(.scratch_x.*)
                0x20040000                        . = ALIGN (0x4)
                0x20040000                        __scratch_x_end__ = .
                0x100084f0                        __scratch_x_source__ = LOADADDR (.scratch_x)

.scratch_y      0x20041000        0x0 load address 0x100084f0
                0x20041000                        __scratch_y_start__ = .
 *(.scratch_y.*)
                0x20041000                        . = ALIGN (0x4)
                0x20041000                        __scratch_y_end__ = .
                0x100084f0                        __scratch_y_source__ = LOADADDR (.scratch_y)

.bss            0x20001438     0x1394
                0x20001438                        . = ALIGN (0x4)
                0x20001438                        __bss_start__ = .
 *(SORT_BY_ALIGNMENT(SORT_BY_NAME(.bss*)))
 .bss.configured_freq
                0x20001438       0x28 CMakeFiles/jogodavelha.dir/C_/Users/joseh/.pico-sdk/sdk/1.5.1/src/rp2_common/hardware_clocks/clocks.c.obj
 .bss.default_alarm_pool_entries
                0x20001460      0x100 CMakeFiles/jogodavelha.dir/C_/Users/joseh/.pico-sdk/sdk/1.5.1/src/common/pico_time/time.c.obj
 .bss.last_avail_time.1
                0x20001560        0x8 CMakeFiles/jogodavelha.dir/C_/Users/joseh/.pico-sdk/sdk/1.5.1/src/rp2_common/pico_stdio_usb/stdio_usb.c.obj
 .bss.posicao_vencedora
                0x20001568       0x18 CMakeFiles/jogodavelha.dir/jogodavelha.c.obj
                0x20001568                posicao_vencedora
 .bss.sd_table  0x20001580      0x100 CMakeFiles/jogodavelha.dir/C_/Users/joseh/.pico-sdk/sdk/1.5.1/src/rp2_common/pico_double/double_init_rom.c.obj
                0x20001580                sd_table
 .bss.sf_table  0x20001680      0x100 CMakeFiles/jogodavelha.dir/C_/Users/joseh/.pico-sdk/sdk/1.5.1/src/rp2_common/pico_float/float_init_rom.c.obj
                0x20001680                sf_table
 .bss.__lock___malloc_recursive_mutex
                0x20001780        0x1 C:/Users/joseh/.pico-sdk/toolchain/13_2_Rel1/bin/../lib/gcc/arm-none-eabi/13.2.1/thumb/v6-m/nofp\libc.a(libc_a-lock.o)
                0x20001780                __lock___malloc_recursive_mutex
 *fill*         0x20001781        0x3 
 .bss.__malloc_current_mallinfo
                0x20001784       0x28 C:/Users/joseh/.pico-sdk/toolchain/13_2_Rel1/bin/../lib/gcc/arm-none-eabi/13.2.1/thumb/v6-m/nofp\libc.a(libc_a-mallocr.o)
                0x20001784                __malloc_current_mallinfo
 .bss.__malloc_max_sbrked_mem
                0x200017ac        0x4 C:/Users/joseh/.pico-sdk/toolchain/13_2_Rel1/bin/../lib/gcc/arm-none-eabi/13.2.1/thumb/v6-m/nofp\libc.a(libc_a-mallocr.o)
                0x200017ac                __malloc_max_sbrked_mem
 .bss.__malloc_max_total_mem
                0x200017b0        0x4 C:/Users/joseh/.pico-sdk/toolchain/13_2_Rel1/bin/../lib/gcc/arm-none-eabi/13.2.1/thumb/v6-m/nofp\libc.a(libc_a-mallocr.o)
                0x200017b0                __malloc_max_total_mem
 .bss.__malloc_top_pad
                0x200017b4        0x4 C:/Users/joseh/.pico-sdk/toolchain/13_2_Rel1/bin/../lib/gcc/arm-none-eabi/13.2.1/thumb/v6-m/nofp\libc.a(libc_a-mallocr.o)
                0x200017b4                __malloc_top_pad
 .bss.__sf      0x200017b8      0x138 C:/Users/joseh/.pico-sdk/toolchain/13_2_Rel1/bin/../lib/gcc/arm-none-eabi/13.2.1/thumb/v6-m/nofp\libc.a(libc_a-findfp.o)
                0x200017b8                __sf
 .bss._app_driver
                0x200018f0        0x4 CMakeFiles/jogodavelha.dir/C_/Users/joseh/.pico-sdk/sdk/1.5.1/lib/tinyusb/src/device/usbd.c.obj
 .bss._cdcd_itf
                0x200018f4      0x2c8 CMakeFiles/jogodavelha.dir/C_/Users/joseh/.pico-sdk/sdk/1.5.1/lib/tinyusb/src/class/cdc/cdc_device.c.obj
 .bss._ctrl_xfer
                0x20001bbc       0x14 CMakeFiles/jogodavelha.dir/C_/Users/joseh/.pico-sdk/sdk/1.5.1/lib/tinyusb/src/device/usbd_control.c.obj
 .bss._ubsd_mutexdef
                0x20001bd0        0x8 CMakeFiles/jogodavelha.dir/C_/Users/joseh/.pico-sdk/sdk/1.5.1/lib/tinyusb/src/device/usbd.c.obj
 .bss._usbd_ctrl_buf
                0x20001bd8       0x40 CMakeFiles/jogodavelha.dir/C_/Users/joseh/.pico-sdk/sdk/1.5.1/lib/tinyusb/src/device/usbd_control.c.obj
 .bss._usbd_dev
                0x20001c18       0x53 CMakeFiles/jogodavelha.dir/C_/Users/joseh/.pico-sdk/sdk/1.5.1/lib/tinyusb/src/device/usbd.c.obj
 *fill*         0x20001c6b        0x1 
 .bss._usbd_mutex
                0x20001c6c        0x4 CMakeFiles/jogodavelha.dir/C_/Users/joseh/.pico-sdk/sdk/1.5.1/lib/tinyusb/src/device/usbd.c.obj
 .bss._usbd_q   0x20001c70        0x4 CMakeFiles/jogodavelha.dir/C_/Users/joseh/.pico-sdk/sdk/1.5.1/lib/tinyusb/src/device/usbd.c.obj
 .bss._usbd_qdef_buf
                0x20001c74       0xc0 CMakeFiles/jogodavelha.dir/C_/Users/joseh/.pico-sdk/sdk/1.5.1/lib/tinyusb/src/device/usbd.c.obj
                0x20001c74                _usbd_qdef_buf
 .bss._used_instruction_space
                0x20001d34        0x8 CMakeFiles/jogodavelha.dir/C_/Users/joseh/.pico-sdk/sdk/1.5.1/src/rp2_common/hardware_pio/pio.c.obj
 .bss.alarm_callbacks
                0x20001d3c       0x10 CMakeFiles/jogodavelha.dir/C_/Users/joseh/.pico-sdk/sdk/1.5.1/src/rp2_common/hardware_timer/timer.c.obj
 .bss.boot2_copyout
                0x20001d4c      0x100 CMakeFiles/jogodavelha.dir/C_/Users/joseh/.pico-sdk/sdk/1.5.1/src/rp2_common/hardware_flash/flash.c.obj
 .bss.chars_available_callback
                0x20001e4c        0x4 CMakeFiles/jogodavelha.dir/C_/Users/joseh/.pico-sdk/sdk/1.5.1/src/rp2_common/pico_stdio_usb/stdio_usb.c.obj
 .bss.chars_available_param
                0x20001e50        0x4 CMakeFiles/jogodavelha.dir/C_/Users/joseh/.pico-sdk/sdk/1.5.1/src/rp2_common/pico_stdio_usb/stdio_usb.c.obj
 .bss.claimed   0x20001e54        0x4 CMakeFiles/jogodavelha.dir/C_/Users/joseh/.pico-sdk/sdk/1.5.1/src/rp2_common/hardware_sync/sync.c.obj
 .bss.default_alarm_pool_entry_ids_high
                0x20001e58       0x10 CMakeFiles/jogodavelha.dir/C_/Users/joseh/.pico-sdk/sdk/1.5.1/src/common/pico_time/time.c.obj
 .bss.default_alarm_pool_heap_nodes
                0x20001e68       0x30 CMakeFiles/jogodavelha.dir/C_/Users/joseh/.pico-sdk/sdk/1.5.1/src/common/pico_time/time.c.obj
 .bss.desc_str.0
                0x20001e98       0x28 CMakeFiles/jogodavelha.dir/C_/Users/joseh/.pico-sdk/sdk/1.5.1/src/rp2_common/pico_stdio_usb/stdio_usb_descriptors.c.obj
 .bss.drivers   0x20001ec0        0x4 CMakeFiles/jogodavelha.dir/C_/Users/joseh/.pico-sdk/sdk/1.5.1/src/rp2_common/pico_stdio/stdio.c.obj
 .bss.e15_last_sof
                0x20001ec4        0x4 CMakeFiles/jogodavelha.dir/C_/Users/joseh/.pico-sdk/sdk/1.5.1/lib/tinyusb/src/portable/raspberrypi/rp2040/rp2040_usb.c.obj
                0x20001ec4                e15_last_sof
 .bss.errno     0x20001ec8        0x4 C:/Users/joseh/.pico-sdk/toolchain/13_2_Rel1/bin/../lib/gcc/arm-none-eabi/13.2.1/thumb/v6-m/nofp\libc.a(libc_a-reent.o)
                0x20001ec8                errno
 .bss.filter    0x20001ecc        0x4 CMakeFiles/jogodavelha.dir/C_/Users/joseh/.pico-sdk/sdk/1.5.1/src/rp2_common/pico_stdio/stdio.c.obj
 .bss.heap_end.0
                0x20001ed0        0x4 CMakeFiles/jogodavelha.dir/C_/Users/joseh/.pico-sdk/sdk/1.5.1/src/rp2_common/pico_runtime/runtime.c.obj
 .bss.hw_endpoints
                0x20001ed4      0x400 CMakeFiles/jogodavelha.dir/C_/Users/joseh/.pico-sdk/sdk/1.5.1/lib/tinyusb/src/portable/raspberrypi/rp2040/dcd_rp2040.c.obj
 .bss.lazy_vsnprintf
                0x200022d4        0x4 CMakeFiles/jogodavelha.dir/C_/Users/joseh/.pico-sdk/sdk/1.5.1/src/rp2_common/pico_printf/printf.c.obj
 .bss.leds      0x200022d8       0x4b CMakeFiles/jogodavelha.dir/jogodavelha.c.obj
                0x200022d8                leds
 *fill*         0x20002323        0x1 
 .bss.load_value
                0x20002324        0x4 CMakeFiles/jogodavelha.dir/C_/Users/joseh/.pico-sdk/sdk/1.5.1/src/rp2_common/hardware_watchdog/watchdog.c.obj
 .bss.next_buffer_ptr
                0x20002328        0x4 CMakeFiles/jogodavelha.dir/C_/Users/joseh/.pico-sdk/sdk/1.5.1/lib/tinyusb/src/portable/raspberrypi/rp2040/dcd_rp2040.c.obj
 .bss.np_pio    0x2000232c        0x4 CMakeFiles/jogodavelha.dir/jogodavelha.c.obj
                0x2000232c                np_pio
 .bss.object.0  0x20002330       0x18 C:/Users/joseh/.pico-sdk/toolchain/13_2_Rel1/bin/../lib/gcc/arm-none-eabi/13.2.1/thumb/v6-m/nofp/crtbegin.o
 .bss.one_shot_timer_crit_sec
                0x20002348        0x8 CMakeFiles/jogodavelha.dir/C_/Users/joseh/.pico-sdk/sdk/1.5.1/src/rp2_common/pico_stdio_usb/stdio_usb.c.obj
 .bss.pools     0x20002350       0x10 CMakeFiles/jogodavelha.dir/C_/Users/joseh/.pico-sdk/sdk/1.5.1/src/common/pico_time/time.c.obj
 .bss.retrieved_id
                0x20002360        0x8 CMakeFiles/jogodavelha.dir/C_/Users/joseh/.pico-sdk/sdk/1.5.1/src/rp2_common/pico_unique_id/unique_id.c.obj
 .bss.sf_clz_func
                0x20002368        0x4 CMakeFiles/jogodavelha.dir/C_/Users/joseh/.pico-sdk/sdk/1.5.1/src/rp2_common/pico_double/double_init_rom.c.obj
                0x20002368                sf_clz_func
 .bss.sleep_notifier
                0x2000236c        0x4 CMakeFiles/jogodavelha.dir/C_/Users/joseh/.pico-sdk/sdk/1.5.1/src/common/pico_time/time.c.obj
 .bss.sm        0x20002370        0x4 CMakeFiles/jogodavelha.dir/jogodavelha.c.obj
                0x20002370                sm
 .bss.ssd       0x20002374      0x400 CMakeFiles/jogodavelha.dir/jogodavelha.c.obj
                0x20002374                ssd
 .bss.stdio_usb_mutex
                0x20002774        0x8 CMakeFiles/jogodavelha.dir/C_/Users/joseh/.pico-sdk/sdk/1.5.1/src/rp2_common/pico_stdio_usb/stdio_usb.c.obj
 .bss.tabuleiro
                0x2000277c       0x24 CMakeFiles/jogodavelha.dir/jogodavelha.c.obj
                0x2000277c                tabuleiro
 .bss.target_hi
                0x200027a0       0x10 CMakeFiles/jogodavelha.dir/C_/Users/joseh/.pico-sdk/sdk/1.5.1/src/rp2_common/hardware_timer/timer.c.obj
 .bss.usbd_serial_str
                0x200027b0       0x11 CMakeFiles/jogodavelha.dir/C_/Users/joseh/.pico-sdk/sdk/1.5.1/src/rp2_common/pico_stdio_usb/stdio_usb_descriptors.c.obj
 .bss._app_driver_count
                0x200027c1        0x1 CMakeFiles/jogodavelha.dir/C_/Users/joseh/.pico-sdk/sdk/1.5.1/lib/tinyusb/src/device/usbd.c.obj
 .bss._sof_enable
                0x200027c2        0x1 CMakeFiles/jogodavelha.dir/C_/Users/joseh/.pico-sdk/sdk/1.5.1/lib/tinyusb/src/portable/raspberrypi/rp2040/dcd_rp2040.c.obj
 .bss.boot2_copyout_valid
                0x200027c3        0x1 CMakeFiles/jogodavelha.dir/C_/Users/joseh/.pico-sdk/sdk/1.5.1/src/rp2_common/hardware_flash/flash.c.obj
 .bss.claimed   0x200027c4        0x1 CMakeFiles/jogodavelha.dir/C_/Users/joseh/.pico-sdk/sdk/1.5.1/src/rp2_common/hardware_timer/timer.c.obj
 .bss.claimed   0x200027c5        0x1 CMakeFiles/jogodavelha.dir/C_/Users/joseh/.pico-sdk/sdk/1.5.1/src/rp2_common/hardware_pio/pio.c.obj
 .bss.irq_hander_chain_free_slot_head
                0x200027c6        0x1 CMakeFiles/jogodavelha.dir/C_/Users/joseh/.pico-sdk/sdk/1.5.1/src/rp2_common/hardware_irq/irq.c.obj
 .bss.itf_num   0x200027c7        0x1 CMakeFiles/jogodavelha.dir/C_/Users/joseh/.pico-sdk/sdk/1.5.1/src/rp2_common/pico_stdio_usb/reset_interface.c.obj
 .bss.low_priority_irq_num
                0x200027c8        0x1 CMakeFiles/jogodavelha.dir/C_/Users/joseh/.pico-sdk/sdk/1.5.1/src/rp2_common/pico_stdio_usb/stdio_usb.c.obj
 .bss.one_shot_timer_pending
                0x200027c9        0x1 CMakeFiles/jogodavelha.dir/C_/Users/joseh/.pico-sdk/sdk/1.5.1/src/rp2_common/pico_stdio_usb/stdio_usb.c.obj
 .bss.timer_callbacks_pending
                0x200027ca        0x1 CMakeFiles/jogodavelha.dir/C_/Users/joseh/.pico-sdk/sdk/1.5.1/src/rp2_common/hardware_timer/timer.c.obj
 .bss.user_irq_claimed
                0x200027cb        0x1 CMakeFiles/jogodavelha.dir/C_/Users/joseh/.pico-sdk/sdk/1.5.1/src/rp2_common/hardware_irq/irq.c.obj
 *(COMMON)
                0x200027cc                        . = ALIGN (0x4)
                0x200027cc                        __bss_end__ = .

.heap           0x200027cc      0x800
                0x200027cc                        __end__ = .
                0x200027cc                        end = __end__
 *(.heap*)
 .heap          0x200027cc      0x800 CMakeFiles/jogodavelha.dir/C_/Users/joseh/.pico-sdk/sdk/1.5.1/src/rp2_common/pico_standard_link/crt0.S.obj
                0x20002fcc                        __HeapLimit = .

.stack1_dummy
 *(.stack1*)

.stack_dummy    0x20041000      0x800
 *(.stack*)
 .stack         0x20041000      0x800 CMakeFiles/jogodavelha.dir/C_/Users/joseh/.pico-sdk/sdk/1.5.1/src/rp2_common/pico_standard_link/crt0.S.obj

.flash_end      0x100084f0        0x0
                0x100084f0                        PROVIDE (__flash_binary_end = .)
                0x20040000                        __StackLimit = (ORIGIN (RAM) + LENGTH (RAM))
                0x20041000                        __StackOneTop = (ORIGIN (SCRATCH_X) + LENGTH (SCRATCH_X))
                0x20042000                        __StackTop = (ORIGIN (SCRATCH_Y) + LENGTH (SCRATCH_Y))
                0x20041000                        __StackOneBottom = (__StackOneTop - SIZEOF (.stack1_dummy))
                0x20041800                        __StackBottom = (__StackTop - SIZEOF (.stack_dummy))
                0x20042000                        PROVIDE (__stack = __StackTop)
                0x00000001                        ASSERT ((__StackLimit >= __HeapLimit), region RAM overflowed)
                0x00000001                        ASSERT (((__binary_info_header_end - __logical_binary_start) <= 0x100), Binary info must be in first 256 bytes of the binary)
LOAD CMakeFiles/jogodavelha.dir/jogodavelha.c.obj
LOAD CMakeFiles/jogodavelha.dir/inc/ssd1306_i2c.c.obj
LOAD CMakeFiles/jogodavelha.dir/C_/Users/joseh/.pico-sdk/sdk/1.5.1/src/rp2_common/hardware_adc/adc.c.obj
LOAD CMakeFiles/jogodavelha.dir/C_/Users/joseh/.pico-sdk/sdk/1.5.1/src/rp2_common/pico_platform/platform.c.obj
LOAD CMakeFiles/jogodavelha.dir/C_/Users/joseh/.pico-sdk/sdk/1.5.1/src/rp2_common/hardware_claim/claim.c.obj
LOAD CMakeFiles/jogodavelha.dir/C_/Users/joseh/.pico-sdk/sdk/1.5.1/src/rp2_common/hardware_sync/sync.c.obj
LOAD CMakeFiles/jogodavelha.dir/C_/Users/joseh/.pico-sdk/sdk/1.5.1/src/rp2_common/hardware_gpio/gpio.c.obj
LOAD CMakeFiles/jogodavelha.dir/C_/Users/joseh/.pico-sdk/sdk/1.5.1/src/rp2_common/hardware_irq/irq.c.obj
LOAD CMakeFiles/jogodavelha.dir/C_/Users/joseh/.pico-sdk/sdk/1.5.1/src/rp2_common/hardware_irq/irq_handler_chain.S.obj
LOAD CMakeFiles/jogodavelha.dir/C_/Users/joseh/.pico-sdk/sdk/1.5.1/src/common/pico_sync/sem.c.obj
LOAD CMakeFiles/jogodavelha.dir/C_/Users/joseh/.pico-sdk/sdk/1.5.1/src/common/pico_sync/lock_core.c.obj
LOAD CMakeFiles/jogodavelha.dir/C_/Users/joseh/.pico-sdk/sdk/1.5.1/src/common/pico_sync/mutex.c.obj
LOAD CMakeFiles/jogodavelha.dir/C_/Users/joseh/.pico-sdk/sdk/1.5.1/src/common/pico_sync/critical_section.c.obj
LOAD CMakeFiles/jogodavelha.dir/C_/Users/joseh/.pico-sdk/sdk/1.5.1/src/common/pico_time/time.c.obj
LOAD CMakeFiles/jogodavelha.dir/C_/Users/joseh/.pico-sdk/sdk/1.5.1/src/common/pico_time/timeout_helper.c.obj
LOAD CMakeFiles/jogodavelha.dir/C_/Users/joseh/.pico-sdk/sdk/1.5.1/src/rp2_common/hardware_timer/timer.c.obj
LOAD CMakeFiles/jogodavelha.dir/C_/Users/joseh/.pico-sdk/sdk/1.5.1/src/common/pico_util/datetime.c.obj
LOAD CMakeFiles/jogodavelha.dir/C_/Users/joseh/.pico-sdk/sdk/1.5.1/src/common/pico_util/pheap.c.obj
LOAD CMakeFiles/jogodavelha.dir/C_/Users/joseh/.pico-sdk/sdk/1.5.1/src/common/pico_util/queue.c.obj
LOAD CMakeFiles/jogodavelha.dir/C_/Users/joseh/.pico-sdk/sdk/1.5.1/src/rp2_common/pico_stdlib/stdlib.c.obj
LOAD CMakeFiles/jogodavelha.dir/C_/Users/joseh/.pico-sdk/sdk/1.5.1/src/rp2_common/hardware_uart/uart.c.obj
LOAD CMakeFiles/jogodavelha.dir/C_/Users/joseh/.pico-sdk/sdk/1.5.1/src/rp2_common/hardware_clocks/clocks.c.obj
LOAD CMakeFiles/jogodavelha.dir/C_/Users/joseh/.pico-sdk/sdk/1.5.1/src/rp2_common/hardware_pll/pll.c.obj
LOAD CMakeFiles/jogodavelha.dir/C_/Users/joseh/.pico-sdk/sdk/1.5.1/src/rp2_common/hardware_vreg/vreg.c.obj
LOAD CMakeFiles/jogodavelha.dir/C_/Users/joseh/.pico-sdk/sdk/1.5.1/src/rp2_common/hardware_watchdog/watchdog.c.obj
LOAD CMakeFiles/jogodavelha.dir/C_/Users/joseh/.pico-sdk/sdk/1.5.1/src/rp2_common/hardware_xosc/xosc.c.obj
LOAD CMakeFiles/jogodavelha.dir/C_/Users/joseh/.pico-sdk/sdk/1.5.1/src/rp2_common/hardware_divider/divider.S.obj
LOAD CMakeFiles/jogodavelha.dir/C_/Users/joseh/.pico-sdk/sdk/1.5.1/src/rp2_common/pico_runtime/runtime.c.obj
LOAD CMakeFiles/jogodavelha.dir/C_/Users/joseh/.pico-sdk/sdk/1.5.1/src/rp2_common/pico_printf/printf.c.obj
LOAD CMakeFiles/jogodavelha.dir/C_/Users/joseh/.pico-sdk/sdk/1.5.1/src/rp2_common/pico_bit_ops/bit_ops_aeabi.S.obj
LOAD CMakeFiles/jogodavelha.dir/C_/Users/joseh/.pico-sdk/sdk/1.5.1/src/rp2_common/pico_bootrom/bootrom.c.obj
LOAD CMakeFiles/jogodavelha.dir/C_/Users/joseh/.pico-sdk/sdk/1.5.1/src/rp2_common/pico_divider/divider.S.obj
LOAD CMakeFiles/jogodavelha.dir/C_/Users/joseh/.pico-sdk/sdk/1.5.1/src/rp2_common/pico_double/double_aeabi.S.obj
LOAD CMakeFiles/jogodavelha.dir/C_/Users/joseh/.pico-sdk/sdk/1.5.1/src/rp2_common/pico_double/double_init_rom.c.obj
LOAD CMakeFiles/jogodavelha.dir/C_/Users/joseh/.pico-sdk/sdk/1.5.1/src/rp2_common/pico_double/double_math.c.obj
LOAD CMakeFiles/jogodavelha.dir/C_/Users/joseh/.pico-sdk/sdk/1.5.1/src/rp2_common/pico_double/double_v1_rom_shim.S.obj
LOAD CMakeFiles/jogodavelha.dir/C_/Users/joseh/.pico-sdk/sdk/1.5.1/src/rp2_common/pico_int64_ops/pico_int64_ops_aeabi.S.obj
LOAD CMakeFiles/jogodavelha.dir/C_/Users/joseh/.pico-sdk/sdk/1.5.1/src/rp2_common/pico_float/float_aeabi.S.obj
LOAD CMakeFiles/jogodavelha.dir/C_/Users/joseh/.pico-sdk/sdk/1.5.1/src/rp2_common/pico_float/float_init_rom.c.obj
LOAD CMakeFiles/jogodavelha.dir/C_/Users/joseh/.pico-sdk/sdk/1.5.1/src/rp2_common/pico_float/float_math.c.obj
LOAD CMakeFiles/jogodavelha.dir/C_/Users/joseh/.pico-sdk/sdk/1.5.1/src/rp2_common/pico_float/float_v1_rom_shim.S.obj
LOAD CMakeFiles/jogodavelha.dir/C_/Users/joseh/.pico-sdk/sdk/1.5.1/src/rp2_common/pico_malloc/pico_malloc.c.obj
LOAD CMakeFiles/jogodavelha.dir/C_/Users/joseh/.pico-sdk/sdk/1.5.1/src/rp2_common/pico_mem_ops/mem_ops_aeabi.S.obj
LOAD CMakeFiles/jogodavelha.dir/C_/Users/joseh/.pico-sdk/sdk/1.5.1/src/rp2_common/pico_standard_link/crt0.S.obj
LOAD CMakeFiles/jogodavelha.dir/C_/Users/joseh/.pico-sdk/sdk/1.5.1/src/rp2_common/pico_standard_link/new_delete.cpp.obj
LOAD CMakeFiles/jogodavelha.dir/C_/Users/joseh/.pico-sdk/sdk/1.5.1/src/rp2_common/pico_standard_link/binary_info.c.obj
LOAD CMakeFiles/jogodavelha.dir/C_/Users/joseh/.pico-sdk/sdk/1.5.1/src/rp2_common/pico_stdio/stdio.c.obj
LOAD CMakeFiles/jogodavelha.dir/C_/Users/joseh/.pico-sdk/sdk/1.5.1/src/rp2_common/pico_stdio_usb/reset_interface.c.obj
LOAD CMakeFiles/jogodavelha.dir/C_/Users/joseh/.pico-sdk/sdk/1.5.1/src/rp2_common/pico_stdio_usb/stdio_usb.c.obj
LOAD CMakeFiles/jogodavelha.dir/C_/Users/joseh/.pico-sdk/sdk/1.5.1/src/rp2_common/pico_stdio_usb/stdio_usb_descriptors.c.obj
LOAD CMakeFiles/jogodavelha.dir/C_/Users/joseh/.pico-sdk/sdk/1.5.1/src/rp2_common/pico_unique_id/unique_id.c.obj
LOAD CMakeFiles/jogodavelha.dir/C_/Users/joseh/.pico-sdk/sdk/1.5.1/src/rp2_common/hardware_flash/flash.c.obj
LOAD CMakeFiles/jogodavelha.dir/C_/Users/joseh/.pico-sdk/sdk/1.5.1/lib/tinyusb/src/portable/raspberrypi/rp2040/dcd_rp2040.c.obj
LOAD CMakeFiles/jogodavelha.dir/C_/Users/joseh/.pico-sdk/sdk/1.5.1/lib/tinyusb/src/portable/raspberrypi/rp2040/rp2040_usb.c.obj
LOAD CMakeFiles/jogodavelha.dir/C_/Users/joseh/.pico-sdk/sdk/1.5.1/lib/tinyusb/src/device/usbd.c.obj
LOAD CMakeFiles/jogodavelha.dir/C_/Users/joseh/.pico-sdk/sdk/1.5.1/lib/tinyusb/src/device/usbd_control.c.obj
LOAD CMakeFiles/jogodavelha.dir/C_/Users/joseh/.pico-sdk/sdk/1.5.1/lib/tinyusb/src/class/audio/audio_device.c.obj
LOAD CMakeFiles/jogodavelha.dir/C_/Users/joseh/.pico-sdk/sdk/1.5.1/lib/tinyusb/src/class/cdc/cdc_device.c.obj
LOAD CMakeFiles/jogodavelha.dir/C_/Users/joseh/.pico-sdk/sdk/1.5.1/lib/tinyusb/src/class/dfu/dfu_device.c.obj
LOAD CMakeFiles/jogodavelha.dir/C_/Users/joseh/.pico-sdk/sdk/1.5.1/lib/tinyusb/src/class/dfu/dfu_rt_device.c.obj
LOAD CMakeFiles/jogodavelha.dir/C_/Users/joseh/.pico-sdk/sdk/1.5.1/lib/tinyusb/src/class/hid/hid_device.c.obj
LOAD CMakeFiles/jogodavelha.dir/C_/Users/joseh/.pico-sdk/sdk/1.5.1/lib/tinyusb/src/class/midi/midi_device.c.obj
LOAD CMakeFiles/jogodavelha.dir/C_/Users/joseh/.pico-sdk/sdk/1.5.1/lib/tinyusb/src/class/msc/msc_device.c.obj
LOAD CMakeFiles/jogodavelha.dir/C_/Users/joseh/.pico-sdk/sdk/1.5.1/lib/tinyusb/src/class/net/ecm_rndis_device.c.obj
LOAD CMakeFiles/jogodavelha.dir/C_/Users/joseh/.pico-sdk/sdk/1.5.1/lib/tinyusb/src/class/net/ncm_device.c.obj
LOAD CMakeFiles/jogodavelha.dir/C_/Users/joseh/.pico-sdk/sdk/1.5.1/lib/tinyusb/src/class/usbtmc/usbtmc_device.c.obj
LOAD CMakeFiles/jogodavelha.dir/C_/Users/joseh/.pico-sdk/sdk/1.5.1/lib/tinyusb/src/class/vendor/vendor_device.c.obj
LOAD CMakeFiles/jogodavelha.dir/C_/Users/joseh/.pico-sdk/sdk/1.5.1/lib/tinyusb/src/class/video/video_device.c.obj
LOAD CMakeFiles/jogodavelha.dir/C_/Users/joseh/.pico-sdk/sdk/1.5.1/lib/tinyusb/src/tusb.c.obj
LOAD CMakeFiles/jogodavelha.dir/C_/Users/joseh/.pico-sdk/sdk/1.5.1/lib/tinyusb/src/common/tusb_fifo.c.obj
LOAD CMakeFiles/jogodavelha.dir/C_/Users/joseh/.pico-sdk/sdk/1.5.1/src/rp2_common/pico_fix/rp2040_usb_device_enumeration/rp2040_usb_device_enumeration.c.obj
LOAD CMakeFiles/jogodavelha.dir/C_/Users/joseh/.pico-sdk/sdk/1.5.1/src/rp2_common/hardware_pio/pio.c.obj
LOAD CMakeFiles/jogodavelha.dir/C_/Users/joseh/.pico-sdk/sdk/1.5.1/src/rp2_common/hardware_i2c/i2c.c.obj
LOAD C:\Users\joseh\AppData\Local\Temp\ccf26IrV.o
LOAD C:/Users/joseh/.pico-sdk/toolchain/13_2_Rel1/bin/../lib/gcc/arm-none-eabi/13.2.1/thumb/v6-m/nofp\libstdc++.a